Component: ARM Compiler 6.16 Tool: armlink [5dfeaa00]

==============================================================================

Section Cross References

    startup_stm32g474xx.o(STACK) refers (Special) to heapauxi.o(.text) for __use_two_region_memory
    startup_stm32g474xx.o(HEAP) refers (Special) to heapauxi.o(.text) for __use_two_region_memory
    startup_stm32g474xx.o(RESET) refers (Special) to heapauxi.o(.text) for __use_two_region_memory
    startup_stm32g474xx.o(RESET) refers to startup_stm32g474xx.o(STACK) for __initial_sp
    startup_stm32g474xx.o(RESET) refers to startup_stm32g474xx.o(.text) for Reset_Handler
    startup_stm32g474xx.o(RESET) refers to stm32g4xx_it.o(.text.NMI_Handler) for NMI_Handler
    startup_stm32g474xx.o(RESET) refers to stm32g4xx_it.o(.text.HardFault_Handler) for HardFault_Handler
    startup_stm32g474xx.o(RESET) refers to stm32g4xx_it.o(.text.MemManage_Handler) for MemManage_Handler
    startup_stm32g474xx.o(RESET) refers to stm32g4xx_it.o(.text.BusFault_Handler) for BusFault_Handler
    startup_stm32g474xx.o(RESET) refers to stm32g4xx_it.o(.text.UsageFault_Handler) for UsageFault_Handler
    startup_stm32g474xx.o(RESET) refers to stm32g4xx_it.o(.text.SVC_Handler) for SVC_Handler
    startup_stm32g474xx.o(RESET) refers to stm32g4xx_it.o(.text.DebugMon_Handler) for DebugMon_Handler
    startup_stm32g474xx.o(RESET) refers to stm32g4xx_it.o(.text.PendSV_Handler) for PendSV_Handler
    startup_stm32g474xx.o(RESET) refers to stm32g4xx_it.o(.text.SysTick_Handler) for SysTick_Handler
    startup_stm32g474xx.o(.text) refers (Special) to heapauxi.o(.text) for __use_two_region_memory
    startup_stm32g474xx.o(.text) refers to system_stm32g4xx.o(.text.SystemInit) for SystemInit
    startup_stm32g474xx.o(.text) refers to __main.o(!!!main) for __main
    startup_stm32g474xx.o(.text) refers to startup_stm32g474xx.o(HEAP) for Heap_Mem
    startup_stm32g474xx.o(.text) refers to startup_stm32g474xx.o(STACK) for Stack_Mem
    main.o(.text.main) refers to stm32g4xx_hal.o(.text.HAL_Init) for HAL_Init
    main.o(.text.main) refers to main.o(.text.SystemClock_Config) for SystemClock_Config
    main.o(.text.main) refers to gpio.o(.text.MX_GPIO_Init) for MX_GPIO_Init
    main.o(.text.main) refers to comp.o(.text.MX_COMP4_Init) for MX_COMP4_Init
    main.o(.text.main) refers to hrtim.o(.text.MX_HRTIM1_Init) for MX_HRTIM1_Init
    main.o(.text.main) refers to comp.o(.bss.hcomp4) for hcomp4
    main.o(.text.main) refers to stm32g4xx_hal_comp.o(.text.HAL_COMP_Start) for HAL_COMP_Start
    main.o(.text.main) refers to hrtim.o(.bss.hhrtim1) for hhrtim1
    main.o(.text.main) refers to stm32g4xx_hal_hrtim.o(.text.HAL_HRTIM_WaveformCountStart) for HAL_HRTIM_WaveformCountStart
    main.o(.text.main) refers to stm32g4xx_hal_hrtim.o(.text.HAL_HRTIM_WaveformOutputStart) for HAL_HRTIM_WaveformOutputStart
    main.o(.text.main) refers to main.o(.bss.COMP_cnt) for COMP_cnt
    main.o(.text.main) refers to main.o(.bss.RES_cnt) for RES_cnt
    main.o(.text.main) refers to stm32g4xx_hal_comp.o(.text.HAL_COMP_GetOutputLevel) for HAL_COMP_GetOutputLevel
    main.o(.text.main) refers to stm32g4xx_hal_hrtim.o(.text.HAL_HRTIM_FaultCounterReset) for HAL_HRTIM_FaultCounterReset
    main.o(.ARM.exidx.text.main) refers to main.o(.text.main) for [Anonymous Symbol]
    main.o(.text.SystemClock_Config) refers to rt_memclr_w.o(.text) for __aeabi_memclr4
    main.o(.text.SystemClock_Config) refers to stm32g4xx_hal_pwr_ex.o(.text.HAL_PWREx_ControlVoltageScaling) for HAL_PWREx_ControlVoltageScaling
    main.o(.text.SystemClock_Config) refers to stm32g4xx_hal_rcc.o(.text.HAL_RCC_OscConfig) for HAL_RCC_OscConfig
    main.o(.text.SystemClock_Config) refers to stm32g4xx_hal_rcc.o(.text.HAL_RCC_ClockConfig) for HAL_RCC_ClockConfig
    main.o(.text.SystemClock_Config) refers to main.o(.text.Error_Handler) for Error_Handler
    main.o(.ARM.exidx.text.SystemClock_Config) refers to main.o(.text.SystemClock_Config) for [Anonymous Symbol]
    main.o(.ARM.exidx.text.Error_Handler) refers to main.o(.text.Error_Handler) for [Anonymous Symbol]
    gpio.o(.ARM.exidx.text.MX_GPIO_Init) refers to gpio.o(.text.MX_GPIO_Init) for [Anonymous Symbol]
    comp.o(.text.MX_COMP4_Init) refers to comp.o(.bss.hcomp4) for hcomp4
    comp.o(.text.MX_COMP4_Init) refers to stm32g4xx_hal_comp.o(.text.HAL_COMP_Init) for HAL_COMP_Init
    comp.o(.text.MX_COMP4_Init) refers to main.o(.text.Error_Handler) for Error_Handler
    comp.o(.ARM.exidx.text.MX_COMP4_Init) refers to comp.o(.text.MX_COMP4_Init) for [Anonymous Symbol]
    comp.o(.text.HAL_COMP_MspInit) refers to stm32g4xx_hal_gpio.o(.text.HAL_GPIO_Init) for HAL_GPIO_Init
    comp.o(.ARM.exidx.text.HAL_COMP_MspInit) refers to comp.o(.text.HAL_COMP_MspInit) for [Anonymous Symbol]
    comp.o(.text.HAL_COMP_MspDeInit) refers to stm32g4xx_hal_gpio.o(.text.HAL_GPIO_DeInit) for HAL_GPIO_DeInit
    comp.o(.ARM.exidx.text.HAL_COMP_MspDeInit) refers to comp.o(.text.HAL_COMP_MspDeInit) for [Anonymous Symbol]
[...]
    Removing stm32g4xx_hal_hrtim.o(.text.HAL_HRTIM_SoftwareReset), (50 bytes).
    Removing stm32g4xx_hal_hrtim.o(.ARM.exidx.text.HAL_HRTIM_SoftwareReset), (8 bytes).
    Removing stm32g4xx_hal_hrtim.o(.text.HAL_HRTIM_OutputSwapEnable), (56 bytes).
    Removing stm32g4xx_hal_hrtim.o(.ARM.exidx.text.HAL_HRTIM_OutputSwapEnable), (8 bytes).
    Removing stm32g4xx_hal_hrtim.o(.text.HAL_HRTIM_OutputSwapDisable), (58 bytes).
    Removing stm32g4xx_hal_hrtim.o(.ARM.exidx.text.HAL_HRTIM_OutputSwapDisable), (8 bytes).
    Removing stm32g4xx_hal_hrtim.o(.text.HAL_HRTIM_BurstDMATransfer), (136 bytes).
    Removing stm32g4xx_hal_hrtim.o(.ARM.exidx.text.HAL_HRTIM_BurstDMATransfer), (8 bytes).
    Removing stm32g4xx_hal_hrtim.o(.text.HRTIM_BurstDMACplt), (22 bytes).
    Removing stm32g4xx_hal_hrtim.o(.ARM.exidx.text.HRTIM_BurstDMACplt), (8 bytes).
    Removing stm32g4xx_hal_hrtim.o(.text.HAL_HRTIM_UpdateEnable), (46 bytes).
    Removing stm32g4xx_hal_hrtim.o(.ARM.exidx.text.HAL_HRTIM_UpdateEnable), (8 bytes).
    Removing stm32g4xx_hal_hrtim.o(.text.HAL_HRTIM_UpdateDisable), (44 bytes).
    Removing stm32g4xx_hal_hrtim.o(.ARM.exidx.text.HAL_HRTIM_UpdateDisable), (8 bytes).
    Removing stm32g4xx_hal_hrtim.o(.text.HAL_HRTIM_GetState), (6 bytes).
    Removing stm32g4xx_hal_hrtim.o(.ARM.exidx.text.HAL_HRTIM_GetState), (8 bytes).
    Removing stm32g4xx_hal_hrtim.o(.text.HAL_HRTIM_GetCapturedValue), (38 bytes).
    Removing stm32g4xx_hal_hrtim.o(.ARM.exidx.text.HAL_HRTIM_GetCapturedValue), (8 bytes).
    Removing stm32g4xx_hal_hrtim.o(.text.HAL_HRTIM_GetCaptured), (52 bytes).
    Removing stm32g4xx_hal_hrtim.o(.ARM.exidx.text.HAL_HRTIM_GetCaptured), (8 bytes).
    Removing stm32g4xx_hal_hrtim.o(.text.HAL_HRTIM_GetCapturedDir), (40 bytes).
    Removing stm32g4xx_hal_hrtim.o(.ARM.exidx.text.HAL_HRTIM_GetCapturedDir), (8 bytes).
    Removing stm32g4xx_hal_hrtim.o(.text.HAL_HRTIM_WaveformGetOutputLevel), (170 bytes).
    Removing stm32g4xx_hal_hrtim.o(.ARM.exidx.text.HAL_HRTIM_WaveformGetOutputLevel), (8 bytes).
    Removing stm32g4xx_hal_hrtim.o(.text.HAL_HRTIM_WaveformGetOutputState), (148 bytes).
    Removing stm32g4xx_hal_hrtim.o(.ARM.exidx.text.HAL_HRTIM_WaveformGetOutputState), (8 bytes).
    Removing stm32g4xx_hal_hrtim.o(.text.HAL_HRTIM_GetDelayedProtectionStatus), (170 bytes).
    Removing stm32g4xx_hal_hrtim.o(.ARM.exidx.text.HAL_HRTIM_GetDelayedProtectionStatus), (8 bytes).
    Removing stm32g4xx_hal_hrtim.o(.text.HAL_HRTIM_GetBurstStatus), (12 bytes).
    Removing stm32g4xx_hal_hrtim.o(.ARM.exidx.text.HAL_HRTIM_GetBurstStatus), (8 bytes).
    Removing stm32g4xx_hal_hrtim.o(.text.HAL_HRTIM_GetCurrentPushPullStatus), (16 bytes).
    Removing stm32g4xx_hal_hrtim.o(.ARM.exidx.text.HAL_HRTIM_GetCurrentPushPullStatus), (8 bytes).
    Removing stm32g4xx_hal_hrtim.o(.text.HAL_HRTIM_GetIdlePushPullStatus), (16 bytes).
    Removing stm32g4xx_hal_hrtim.o(.ARM.exidx.text.HAL_HRTIM_GetIdlePushPullStatus), (8 bytes).
    Removing stm32g4xx_hal_hrtim.o(.text.HAL_HRTIM_IRQHandler), (28 bytes).
    Removing stm32g4xx_hal_hrtim.o(.ARM.exidx.text.HAL_HRTIM_IRQHandler), (8 bytes).
    Removing stm32g4xx_hal_hrtim.o(.text.HRTIM_HRTIM_ISR), (168 bytes).
    Removing stm32g4xx_hal_hrtim.o(.ARM.exidx.text.HRTIM_HRTIM_ISR), (8 bytes).
    Removing stm32g4xx_hal_hrtim.o(.text.HRTIM_Master_ISR), (232 bytes).
    Removing stm32g4xx_hal_hrtim.o(.ARM.exidx.text.HRTIM_Master_ISR), (8 bytes).
    Removing stm32g4xx_hal_hrtim.o(.text.HRTIM_Timer_ISR), (442 bytes).
    Removing stm32g4xx_hal_hrtim.o(.ARM.exidx.text.HRTIM_Timer_ISR), (8 bytes).
    Removing stm32g4xx_hal_hrtim.o(.text.HAL_HRTIM_Fault1Callback), (2 bytes).
    Removing stm32g4xx_hal_hrtim.o(.ARM.exidx.text.HAL_HRTIM_Fault1Callback), (8 bytes).
    Removing stm32g4xx_hal_hrtim.o(.text.HAL_HRTIM_Fault2Callback), (2 bytes).
    Removing stm32g4xx_hal_hrtim.o(.ARM.exidx.text.HAL_HRTIM_Fault2Callback), (8 bytes).
    Removing stm32g4xx_hal_hrtim.o(.text.HAL_HRTIM_Fault3Callback), (2 bytes).
    Removing stm32g4xx_hal_hrtim.o(.ARM.exidx.text.HAL_HRTIM_Fault3Callback), (8 bytes).
    Removing stm32g4xx_hal_hrtim.o(.text.HAL_HRTIM_Fault4Callback), (2 bytes).
    Removing stm32g4xx_hal_hrtim.o(.ARM.exidx.text.HAL_HRTIM_Fault4Callback), (8 bytes).
    Removing stm32g4xx_hal_hrtim.o(.text.HAL_HRTIM_Fault5Callback), (2 bytes).
    Removing stm32g4xx_hal_hrtim.o(.ARM.exidx.text.HAL_HRTIM_Fault5Callback), (8 bytes).
    Removing stm32g4xx_hal_hrtim.o(.text.HAL_HRTIM_Fault6Callback), (2 bytes).
    Removing stm32g4xx_hal_hrtim.o(.ARM.exidx.text.HAL_HRTIM_Fault6Callback), (8 bytes).
    Removing stm32g4xx_hal_hrtim.o(.text.HAL_HRTIM_SystemFaultCallback), (2 bytes).
    Removing stm32g4xx_hal_hrtim.o(.ARM.exidx.text.HAL_HRTIM_SystemFaultCallback), (8 bytes).
    Removing stm32g4xx_hal_hrtim.o(.text.HAL_HRTIM_DLLCalibrationReadyCallback), (2 bytes).
    Removing stm32g4xx_hal_hrtim.o(.ARM.exidx.text.HAL_HRTIM_DLLCalibrationReadyCallback), (8 bytes).
    Removing stm32g4xx_hal_hrtim.o(.text.HAL_HRTIM_BurstModePeriodCallback), (2 bytes).
    Removing stm32g4xx_hal_hrtim.o(.ARM.exidx.text.HAL_HRTIM_BurstModePeriodCallback), (8 bytes).
    Removing stm32g4xx_hal_hrtim.o(.text.HAL_HRTIM_SynchronizationEventCallback), (2 bytes).
    Removing stm32g4xx_hal_hrtim.o(.ARM.exidx.text.HAL_HRTIM_SynchronizationEventCallback), (8 bytes).
    Removing stm32g4xx_hal_hrtim.o(.text.HAL_HRTIM_RegistersUpdateCallback), (2 bytes).
    Removing stm32g4xx_hal_hrtim.o(.ARM.exidx.text.HAL_HRTIM_RegistersUpdateCallback), (8 bytes).
    Removing stm32g4xx_hal_hrtim.o(.text.HAL_HRTIM_RepetitionEventCallback), (2 bytes).
    Removing stm32g4xx_hal_hrtim.o(.ARM.exidx.text.HAL_HRTIM_RepetitionEventCallback), (8 bytes).
    Removing stm32g4xx_hal_hrtim.o(.text.HAL_HRTIM_Compare1EventCallback), (2 bytes).
    Removing stm32g4xx_hal_hrtim.o(.ARM.exidx.text.HAL_HRTIM_Compare1EventCallback), (8 bytes).
    Removing stm32g4xx_hal_hrtim.o(.text.HAL_HRTIM_Compare2EventCallback), (2 bytes).
    Removing stm32g4xx_hal_hrtim.o(.ARM.exidx.text.HAL_HRTIM_Compare2EventCallback), (8 bytes).
    Removing stm32g4xx_hal_hrtim.o(.text.HAL_HRTIM_Compare3EventCallback), (2 bytes).
    Removing stm32g4xx_hal_hrtim.o(.ARM.exidx.text.HAL_HRTIM_Compare3EventCallback), (8 bytes).
    Removing stm32g4xx_hal_hrtim.o(.text.HAL_HRTIM_Compare4EventCallback), (2 bytes).
    Removing stm32g4xx_hal_hrtim.o(.ARM.exidx.text.HAL_HRTIM_Compare4EventCallback), (8 bytes).
    Removing stm32g4xx_hal_hrtim.o(.text.HAL_HRTIM_Capture1EventCallback), (2 bytes).
    Removing stm32g4xx_hal_hrtim.o(.ARM.exidx.text.HAL_HRTIM_Capture1EventCallback), (8 bytes).
    Removing stm32g4xx_hal_hrtim.o(.text.HAL_HRTIM_Capture2EventCallback), (2 bytes).
    Removing stm32g4xx_hal_hrtim.o(.ARM.exidx.text.HAL_HRTIM_Capture2EventCallback), (8 bytes).
    Removing stm32g4xx_hal_hrtim.o(.text.HAL_HRTIM_DelayedProtectionCallback), (2 bytes).
    Removing stm32g4xx_hal_hrtim.o(.ARM.exidx.text.HAL_HRTIM_DelayedProtectionCallback), (8 bytes).
    Removing stm32g4xx_hal_hrtim.o(.text.HAL_HRTIM_CounterResetCallback), (2 bytes).
    Removing stm32g4xx_hal_hrtim.o(.ARM.exidx.text.HAL_HRTIM_CounterResetCallback), (8 bytes).
    Removing stm32g4xx_hal_hrtim.o(.text.HAL_HRTIM_Output1SetCallback), (2 bytes).
    Removing stm32g4xx_hal_hrtim.o(.ARM.exidx.text.HAL_HRTIM_Output1SetCallback), (8 bytes).
    Removing stm32g4xx_hal_hrtim.o(.text.HAL_HRTIM_Output1ResetCallback), (2 bytes).
    Removing stm32g4xx_hal_hrtim.o(.ARM.exidx.text.HAL_HRTIM_Output1ResetCallback), (8 bytes).
    Removing stm32g4xx_hal_hrtim.o(.text.HAL_HRTIM_Output2SetCallback), (2 bytes).
    Removing stm32g4xx_hal_hrtim.o(.ARM.exidx.text.HAL_HRTIM_Output2SetCallback), (8 bytes).
    Removing stm32g4xx_hal_hrtim.o(.text.HAL_HRTIM_Output2ResetCallback), (2 bytes).
    Removing stm32g4xx_hal_hrtim.o(.ARM.exidx.text.HAL_HRTIM_Output2ResetCallback), (8 bytes).
    Removing stm32g4xx_hal_hrtim.o(.text.HAL_HRTIM_BurstDMATransferCallback), (2 bytes).
    Removing stm32g4xx_hal_hrtim.o(.ARM.exidx.text.HAL_HRTIM_BurstDMATransferCallback), (8 bytes).
    Removing stm32g4xx_hal_hrtim.o(.text.HAL_HRTIM_ErrorCallback), (2 bytes).
    Removing stm32g4xx_hal_hrtim.o(.ARM.exidx.text.HAL_HRTIM_ErrorCallback), (8 bytes).
    Removing stm32g4xx_hal_hrtim.o(.text.GetTimerIdxFromDMAHandle), (88 bytes).
    Removing stm32g4xx_hal_hrtim.o(.ARM.exidx.text.GetTimerIdxFromDMAHandle), (8 bytes).
    Removing stm32g4xx_hal_hrtim.o(.rodata.TimerIdxToTimerId), (28 bytes).
    Removing system_stm32g4xx.o(.text), (0 bytes).
    Removing system_stm32g4xx.o(.ARM.exidx.text.SystemInit), (8 bytes).
    Removing system_stm32g4xx.o(.text.SystemCoreClockUpdate), (150 bytes).
    Removing system_stm32g4xx.o(.ARM.exidx.text.SystemCoreClockUpdate), (8 bytes).
    Removing system_stm32g4xx.o(.rodata.APBPrescTable), (8 bytes).

811 unused section(s) (total 33822 bytes) removed from the image.

==============================================================================

Image Symbol Table

    Local Symbols

    Symbol Name                              Value     Ov Type        Size  Object(Section)

    ../clib/angel/boardlib.s                 0x00000000   Number         0  boardinit1.o ABSOLUTE
    ../clib/angel/boardlib.s                 0x00000000   Number         0  boardinit2.o ABSOLUTE
    ../clib/angel/boardlib.s                 0x00000000   Number         0  boardinit3.o ABSOLUTE
    ../clib/angel/boardlib.s                 0x00000000   Number         0  boardshut.o ABSOLUTE
    ../clib/angel/handlers.s                 0x00000000   Number         0  __scatter_copy.o ABSOLUTE
    ../clib/angel/handlers.s                 0x00000000   Number         0  __scatter_zi.o ABSOLUTE
    ../clib/angel/kernel.s                   0x00000000   Number         0  __rtentry.o ABSOLUTE
    ../clib/angel/kernel.s                   0x00000000   Number         0  __rtentry2.o ABSOLUTE
    ../clib/angel/kernel.s                   0x00000000   Number         0  __rtentry4.o ABSOLUTE
    ../clib/angel/kernel.s                   0x00000000   Number         0  rtexit.o ABSOLUTE
    ../clib/angel/kernel.s                   0x00000000   Number         0  rtexit2.o ABSOLUTE
    ../clib/angel/rt.s                       0x00000000   Number         0  rt_raise.o ABSOLUTE
    ../clib/angel/scatter.s                  0x00000000   Number         0  __scatter.o ABSOLUTE
    ../clib/angel/startup.s                  0x00000000   Number         0  __main.o ABSOLUTE
    ../clib/angel/sys.s                      0x00000000   Number         0  sys_stackheap_outer.o ABSOLUTE
    ../clib/angel/sys.s                      0x00000000   Number         0  libspace.o ABSOLUTE
    ../clib/angel/sys.s                      0x00000000   Number         0  use_no_semi.o ABSOLUTE
    ../clib/angel/sys.s                      0x00000000   Number         0  indicate_semi.o ABSOLUTE
    ../clib/angel/sysapp.c                   0x00000000   Number         0  sys_exit.o ABSOLUTE
    ../clib/angel/sysapp.c                   0x00000000   Number         0  sys_exit_hlt.o ABSOLUTE
    ../clib/angel/sysapp.c                   0x00000000   Number         0  sys_command.o ABSOLUTE
    ../clib/angel/sysapp.c                   0x00000000   Number         0  sys_command_hlt.o ABSOLUTE
    ../clib/angel/sysapp.c                   0x00000000   Number         0  sys_wrch.o ABSOLUTE
    ../clib/angel/sysapp.c                   0x00000000   Number         0  sys_wrch_hlt.o ABSOLUTE
    ../clib/armsys.c                         0x00000000   Number         0  argv_veneer.o ABSOLUTE
    ../clib/armsys.c                         0x00000000   Number         0  argv_veneer.o ABSOLUTE
    ../clib/armsys.c                         0x00000000   Number         0  _get_argv_nomalloc.o ABSOLUTE
    ../clib/armsys.c                         0x00000000   Number         0  no_argv.o ABSOLUTE
    ../clib/heapalloc.c                      0x00000000   Number         0  hrguard.o ABSOLUTE
    ../clib/heapaux.c                        0x00000000   Number         0  heapauxi.o ABSOLUTE
    ../clib/libinit.s                        0x00000000   Number         0  libinit.o ABSOLUTE
    ../clib/libinit.s                        0x00000000   Number         0  libinit2.o ABSOLUTE
    ../clib/libinit.s                        0x00000000   Number         0  libshutdown.o ABSOLUTE
    ../clib/libinit.s                        0x00000000   Number         0  libshutdown2.o ABSOLUTE
    ../clib/memcpset.s                       0x00000000   Number         0  rt_memclr_w.o ABSOLUTE
    ../clib/signal.c                         0x00000000   Number         0  defsig_rtmem_outer.o ABSOLUTE
    ../clib/signal.c                         0x00000000   Number         0  defsig_rtmem_formal.o ABSOLUTE
    ../clib/signal.c                         0x00000000   Number         0  defsig_exit.o ABSOLUTE
    ../clib/signal.c                         0x00000000   Number         0  defsig_rtmem_inner.o ABSOLUTE
    ../clib/signal.c                         0x00000000   Number         0  __raise.o ABSOLUTE
    ../clib/signal.c                         0x00000000   Number         0  defsig_general.o ABSOLUTE
    ../clib/signal.c                         0x00000000   Number         0  defsig_abrt_inner.o ABSOLUTE
    ../clib/signal.c                         0x00000000   Number         0  defsig_fpe_inner.o ABSOLUTE
    ../clib/signal.c                         0x00000000   Number         0  defsig_rtred_inner.o ABSOLUTE
    ../clib/signal.c                         0x00000000   Number         0  defsig_stak_inner.o ABSOLUTE
    ../clib/signal.c                         0x00000000   Number         0  defsig_pvfn_inner.o ABSOLUTE
    ../clib/signal.c                         0x00000000   Number         0  defsig_cppl_inner.o ABSOLUTE
    ../clib/signal.c                         0x00000000   Number         0  defsig_segv_inner.o ABSOLUTE
    ../clib/signal.c                         0x00000000   Number         0  defsig_other.o ABSOLUTE
    ../clib/signal.s                         0x00000000   Number         0  defsig.o ABSOLUTE
    ../clib/stdlib.c                         0x00000000   Number         0  exit.o ABSOLUTE
    ../fplib/fpinit.s                        0x00000000   Number         0  fpinit.o ABSOLUTE
    comp.c                                   0x00000000   Number         0  comp.o ABSOLUTE
    dc.s                                     0x00000000   Number         0  dc.o ABSOLUTE
    gpio.c                                   0x00000000   Number         0  gpio.o ABSOLUTE
    hrtim.c                                  0x00000000   Number         0  hrtim.o ABSOLUTE
    main.c                                   0x00000000   Number         0  main.o ABSOLUTE
    startup_stm32g474xx.s                    0x00000000   Number         0  startup_stm32g474xx.o ABSOLUTE
    stm32g4xx_hal.c                          0x00000000   Number         0  stm32g4xx_hal.o ABSOLUTE
    stm32g4xx_hal_comp.c                     0x00000000   Number         0  stm32g4xx_hal_comp.o ABSOLUTE
    stm32g4xx_hal_cortex.c                   0x00000000   Number         0  stm32g4xx_hal_cortex.o ABSOLUTE
    stm32g4xx_hal_dma.c                      0x00000000   Number         0  stm32g4xx_hal_dma.o ABSOLUTE
    stm32g4xx_hal_dma_ex.c                   0x00000000   Number         0  stm32g4xx_hal_dma_ex.o ABSOLUTE
    stm32g4xx_hal_exti.c                     0x00000000   Number         0  stm32g4xx_hal_exti.o ABSOLUTE
    stm32g4xx_hal_flash.c                    0x00000000   Number         0  stm32g4xx_hal_flash.o ABSOLUTE
    stm32g4xx_hal_flash_ex.c                 0x00000000   Number         0  stm32g4xx_hal_flash_ex.o ABSOLUTE
    stm32g4xx_hal_flash_ramfunc.c            0x00000000   Number         0  stm32g4xx_hal_flash_ramfunc.o ABSOLUTE
    stm32g4xx_hal_gpio.c                     0x00000000   Number         0  stm32g4xx_hal_gpio.o ABSOLUTE
    stm32g4xx_hal_hrtim.c                    0x00000000   Number         0  stm32g4xx_hal_hrtim.o ABSOLUTE
    stm32g4xx_hal_msp.c                      0x00000000   Number         0  stm32g4xx_hal_msp.o ABSOLUTE
    stm32g4xx_hal_pwr.c                      0x00000000   Number         0  stm32g4xx_hal_pwr.o ABSOLUTE
    stm32g4xx_hal_pwr_ex.c                   0x00000000   Number         0  stm32g4xx_hal_pwr_ex.o ABSOLUTE
    stm32g4xx_hal_rcc.c                      0x00000000   Number         0  stm32g4xx_hal_rcc.o ABSOLUTE
    stm32g4xx_hal_rcc_ex.c                   0x00000000   Number         0  stm32g4xx_hal_rcc_ex.o ABSOLUTE
    stm32g4xx_it.c                           0x00000000   Number         0  stm32g4xx_it.o ABSOLUTE
    system_stm32g4xx.c                       0x00000000   Number         0  system_stm32g4xx.o ABSOLUTE
    RESET                                    0x08000000   Section      472  startup_stm32g474xx.o(RESET)
    !!!main                                  0x080001d8   Section        8  __main.o(!!!main)
    !!!scatter                               0x080001e0   Section       52  __scatter.o(!!!scatter)
    !!handler_copy                           0x08000214   Section       26  __scatter_copy.o(!!handler_copy)
    !!handler_zi                             0x08000230   Section       28  __scatter_zi.o(!!handler_zi)
    .ARM.Collect$$libinit$$00000000          0x0800024c   Section        2  libinit.o(.ARM.Collect$$libinit$$00000000)
    .ARM.Collect$$libinit$$00000001          0x0800024e   Section        4  libinit2.o(.ARM.Collect$$libinit$$00000001)
    .ARM.Collect$$libinit$$00000004          0x08000252   Section        0  libinit2.o(.ARM.Collect$$libinit$$00000004)
    .ARM.Collect$$libinit$$0000000A          0x08000252   Section        0  libinit2.o(.ARM.Collect$$libinit$$0000000A)
    .ARM.Collect$$libinit$$0000000C          0x08000252   Section        0  libinit2.o(.ARM.Collect$$libinit$$0000000C)
    .ARM.Collect$$libinit$$0000000E          0x08000252   Section        0  libinit2.o(.ARM.Collect$$libinit$$0000000E)
    .ARM.Collect$$libinit$$00000011          0x08000252   Section        0  libinit2.o(.ARM.Collect$$libinit$$00000011)
    .ARM.Collect$$libinit$$00000013          0x08000252   Section        0  libinit2.o(.ARM.Collect$$libinit$$00000013)
    .ARM.Collect$$libinit$$00000015          0x08000252   Section        0  libinit2.o(.ARM.Collect$$libinit$$00000015)
    .ARM.Collect$$libinit$$00000017          0x08000252   Section        0  libinit2.o(.ARM.Collect$$libinit$$00000017)
    .ARM.Collect$$libinit$$00000019          0x08000252   Section        0  libinit2.o(.ARM.Collect$$libinit$$00000019)
    .ARM.Collect$$libinit$$0000001B          0x08000252   Section        0  libinit2.o(.ARM.Collect$$libinit$$0000001B)
    .ARM.Collect$$libinit$$0000001D          0x08000252   Section        0  libinit2.o(.ARM.Collect$$libinit$$0000001D)
    .ARM.Collect$$libinit$$0000001F          0x08000252   Section        0  libinit2.o(.ARM.Collect$$libinit$$0000001F)
    .ARM.Collect$$libinit$$00000021          0x08000252   Section        0  libinit2.o(.ARM.Collect$$libinit$$00000021)
    .ARM.Collect$$libinit$$00000023          0x08000252   Section        0  libinit2.o(.ARM.Collect$$libinit$$00000023)
    .ARM.Collect$$libinit$$00000025          0x08000252   Section        0  libinit2.o(.ARM.Collect$$libinit$$00000025)
    .ARM.Collect$$libinit$$0000002C          0x08000252   Section        0  libinit2.o(.ARM.Collect$$libinit$$0000002C)
    .ARM.Collect$$libinit$$0000002E          0x08000252   Section        0  libinit2.o(.ARM.Collect$$libinit$$0000002E)
    .ARM.Collect$$libinit$$00000030          0x08000252   Section        0  libinit2.o(.ARM.Collect$$libinit$$00000030)
    .ARM.Collect$$libinit$$00000032          0x08000252   Section        0  libinit2.o(.ARM.Collect$$libinit$$00000032)
    .ARM.Collect$$libinit$$00000033          0x08000252   Section        2  libinit2.o(.ARM.Collect$$libinit$$00000033)
    .ARM.Collect$$libshutdown$$00000000      0x08000254   Section        2  libshutdown.o(.ARM.Collect$$libshutdown$$00000000)
    .ARM.Collect$$libshutdown$$00000002      0x08000256   Section        0  libshutdown2.o(.ARM.Collect$$libshutdown$$00000002)
    .ARM.Collect$$libshutdown$$00000004      0x08000256   Section        0  libshutdown2.o(.ARM.Collect$$libshutdown$$00000004)
    .ARM.Collect$$libshutdown$$00000007      0x08000256   Section        0  libshutdown2.o(.ARM.Collect$$libshutdown$$00000007)
    .ARM.Collect$$libshutdown$$0000000A      0x08000256   Section        0  libshutdown2.o(.ARM.Collect$$libshutdown$$0000000A)
    .ARM.Collect$$libshutdown$$0000000C      0x08000256   Section        0  libshutdown2.o(.ARM.Collect$$libshutdown$$0000000C)
    .ARM.Collect$$libshutdown$$0000000F      0x08000256   Section        0  libshutdown2.o(.ARM.Collect$$libshutdown$$0000000F)
    .ARM.Collect$$libshutdown$$00000010      0x08000256   Section        2  libshutdown2.o(.ARM.Collect$$libshutdown$$00000010)
    .ARM.Collect$$rtentry$$00000000          0x08000258   Section        0  __rtentry.o(.ARM.Collect$$rtentry$$00000000)
    .ARM.Collect$$rtentry$$00000002          0x08000258   Section        0  __rtentry2.o(.ARM.Collect$$rtentry$$00000002)
    .ARM.Collect$$rtentry$$00000004          0x08000258   Section        6  __rtentry4.o(.ARM.Collect$$rtentry$$00000004)
    .ARM.Collect$$rtentry$$00000009          0x0800025e   Section        0  __rtentry2.o(.ARM.Collect$$rtentry$$00000009)
    .ARM.Collect$$rtentry$$0000000A          0x0800025e   Section        4  __rtentry2.o(.ARM.Collect$$rtentry$$0000000A)
    .ARM.Collect$$rtentry$$0000000C          0x08000262   Section        0  __rtentry2.o(.ARM.Collect$$rtentry$$0000000C)
    .ARM.Collect$$rtentry$$0000000D          0x08000262   Section        8  __rtentry2.o(.ARM.Collect$$rtentry$$0000000D)
    .ARM.Collect$$rtexit$$00000000           0x0800026a   Section        2  rtexit.o(.ARM.Collect$$rtexit$$00000000)
    .ARM.Collect$$rtexit$$00000002           0x0800026c   Section        0  rtexit2.o(.ARM.Collect$$rtexit$$00000002)
    .ARM.Collect$$rtexit$$00000003           0x0800026c   Section        4  rtexit2.o(.ARM.Collect$$rtexit$$00000003)
    .ARM.Collect$$rtexit$$00000004           0x08000270   Section        6  rtexit2.o(.ARM.Collect$$rtexit$$00000004)
    $v0                                      0x08000278   Number         0  startup_stm32g474xx.o(.text)
    .text                                    0x08000278   Section       64  startup_stm32g474xx.o(.text)
    .text                                    0x080002b8   Section       78  rt_memclr_w.o(.text)
    .text                                    0x08000306   Section        0  heapauxi.o(.text)
    .text                                    0x0800030c   Section       74  sys_stackheap_outer.o(.text)
    .text                                    0x08000356   Section        0  exit.o(.text)
    .text                                    0x08000368   Section        8  libspace.o(.text)
    .text                                    0x08000370   Section        0  sys_exit.o(.text)
    .text                                    0x0800037c   Section        2  use_no_semi.o(.text)
    .text                                    0x0800037e   Section        0  indicate_semi.o(.text)
    [Anonymous Symbol]                       0x08000380   Section        0  stm32g4xx_it.o(.text.BusFault_Handler)
    [Anonymous Symbol]                       0x08000384   Section        0  stm32g4xx_it.o(.text.DebugMon_Handler)
    [Anonymous Symbol]                       0x08000388   Section        0  main.o(.text.Error_Handler)
    [Anonymous Symbol]                       0x08000394   Section        0  stm32g4xx_hal_comp.o(.text.HAL_COMP_GetOutputLevel)
    [Anonymous Symbol]                       0x080003a0   Section        0  stm32g4xx_hal_comp.o(.text.HAL_COMP_Init)
    [Anonymous Symbol]                       0x080005dc   Section        0  comp.o(.text.HAL_COMP_MspInit)
    [Anonymous Symbol]                       0x08000634   Section        0  stm32g4xx_hal_comp.o(.text.HAL_COMP_Start)
    [Anonymous Symbol]                       0x08000690   Section        0  stm32g4xx_hal_gpio.o(.text.HAL_GPIO_Init)
    [Anonymous Symbol]                       0x08000830   Section        0  stm32g4xx_hal.o(.text.HAL_GetTick)
    [Anonymous Symbol]                       0x0800083c   Section        0  stm32g4xx_hal_hrtim.o(.text.HAL_HRTIM_DLLCalibrationStart)
    [Anonymous Symbol]                       0x08000890   Section        0  stm32g4xx_hal_hrtim.o(.text.HAL_HRTIM_DeadTimeConfig)
    [Anonymous Symbol]                       0x08000924   Section        0  stm32g4xx_hal_hrtim.o(.text.HAL_HRTIM_EventConfig)
    [Anonymous Symbol]                       0x08000960   Section        0  stm32g4xx_hal_hrtim.o(.text.HAL_HRTIM_EventPrescalerConfig)
    [Anonymous Symbol]                       0x0800099c   Section        0  stm32g4xx_hal_hrtim.o(.text.HAL_HRTIM_FaultBlankingConfigAndEnable)
    [Anonymous Symbol]                       0x08000aac   Section        0  stm32g4xx_hal_hrtim.o(.text.HAL_HRTIM_FaultConfig)
    [Anonymous Symbol]                       0x08000c84   Section        0  stm32g4xx_hal_hrtim.o(.text.HAL_HRTIM_FaultCounterConfig)
    [Anonymous Symbol]                       0x08000da0   Section        0  stm32g4xx_hal_hrtim.o(.text.HAL_HRTIM_FaultCounterReset)
    [Anonymous Symbol]                       0x08000e70   Section        0  stm32g4xx_hal_hrtim.o(.text.HAL_HRTIM_FaultModeCtl)
    [Anonymous Symbol]                       0x08000efc   Section        0  stm32g4xx_hal_hrtim.o(.text.HAL_HRTIM_FaultPrescalerConfig)
    [Anonymous Symbol]                       0x08000f38   Section        0  stm32g4xx_hal_hrtim.o(.text.HAL_HRTIM_Init)
    [Anonymous Symbol]                       0x08000fe8   Section        0  hrtim.o(.text.HAL_HRTIM_MspInit)
    [Anonymous Symbol]                       0x08001058   Section        0  hrtim.o(.text.HAL_HRTIM_MspPostInit)
    [Anonymous Symbol]                       0x080010b8   Section        0  stm32g4xx_hal_hrtim.o(.text.HAL_HRTIM_PollForDLLCalibration)
    [Anonymous Symbol]                       0x0800110c   Section        0  stm32g4xx_hal_hrtim.o(.text.HAL_HRTIM_TimeBaseConfig)
    [Anonymous Symbol]                       0x08001140   Section        0  stm32g4xx_hal_hrtim.o(.text.HAL_HRTIM_WaveformCompareConfig)
    [Anonymous Symbol]                       0x0800128c   Section        0  stm32g4xx_hal_hrtim.o(.text.HAL_HRTIM_WaveformCountStart)
    [Anonymous Symbol]                       0x080012b4   Section        0  stm32g4xx_hal_hrtim.o(.text.HAL_HRTIM_WaveformOutputConfig)
    [Anonymous Symbol]                       0x080012f0   Section        0  stm32g4xx_hal_hrtim.o(.text.HAL_HRTIM_WaveformOutputStart)
    [Anonymous Symbol]                       0x0800131c   Section        0  stm32g4xx_hal_hrtim.o(.text.HAL_HRTIM_WaveformTimerConfig)
    [Anonymous Symbol]                       0x080013b0   Section        0  stm32g4xx_hal_hrtim.o(.text.HAL_HRTIM_WaveformTimerControl)
    [Anonymous Symbol]                       0x080013f4   Section        0  stm32g4xx_hal.o(.text.HAL_IncTick)
    [Anonymous Symbol]                       0x08001410   Section        0  stm32g4xx_hal.o(.text.HAL_Init)
    [Anonymous Symbol]                       0x08001430   Section        0  stm32g4xx_hal.o(.text.HAL_InitTick)
    [Anonymous Symbol]                       0x08001488   Section        0  stm32g4xx_hal_msp.o(.text.HAL_MspInit)
    [Anonymous Symbol]                       0x080014c0   Section        0  stm32g4xx_hal_cortex.o(.text.HAL_NVIC_SetPriority)
    [Anonymous Symbol]                       0x080014e0   Section        0  stm32g4xx_hal_cortex.o(.text.HAL_NVIC_SetPriorityGrouping)
    [Anonymous Symbol]                       0x080014e8   Section        0  stm32g4xx_hal_pwr_ex.o(.text.HAL_PWREx_ControlVoltageScaling)
    [Anonymous Symbol]                       0x080015d8   Section        0  stm32g4xx_hal_pwr_ex.o(.text.HAL_PWREx_DisableUCPDDeadBattery)
    [Anonymous Symbol]                       0x080015ec   Section        0  stm32g4xx_hal_rcc.o(.text.HAL_RCC_ClockConfig)
    [Anonymous Symbol]                       0x080017f4   Section        0  stm32g4xx_hal_rcc.o(.text.HAL_RCC_GetSysClockFreq)
    [Anonymous Symbol]                       0x08001870   Section        0  stm32g4xx_hal_rcc.o(.text.HAL_RCC_OscConfig)
    [Anonymous Symbol]                       0x08001cec   Section        0  stm32g4xx_hal_cortex.o(.text.HAL_SYSTICK_Config)
    HRTIM_EventConfig                        0x08001cf5   Thumb Code   490  stm32g4xx_hal_hrtim.o(.text.HRTIM_EventConfig)
    [Anonymous Symbol]                       0x08001cf4   Section        0  stm32g4xx_hal_hrtim.o(.text.HRTIM_EventConfig)
    HRTIM_ForceRegistersUpdate               0x08001ee1   Thumb Code    28  stm32g4xx_hal_hrtim.o(.text.HRTIM_ForceRegistersUpdate)
    [Anonymous Symbol]                       0x08001ee0   Section        0  stm32g4xx_hal_hrtim.o(.text.HRTIM_ForceRegistersUpdate)
    HRTIM_MasterBase_Config                  0x08001f19   Thumb Code    38  stm32g4xx_hal_hrtim.o(.text.HRTIM_MasterBase_Config)
    [Anonymous Symbol]                       0x08001f18   Section        0  stm32g4xx_hal_hrtim.o(.text.HRTIM_MasterBase_Config)
    HRTIM_MasterWaveform_Config              0x08001f41   Thumb Code   144  stm32g4xx_hal_hrtim.o(.text.HRTIM_MasterWaveform_Config)
    [Anonymous Symbol]                       0x08001f40   Section        0  stm32g4xx_hal_hrtim.o(.text.HRTIM_MasterWaveform_Config)
    HRTIM_OutputConfig                       0x08001fd1   Thumb Code   246  stm32g4xx_hal_hrtim.o(.text.HRTIM_OutputConfig)
    [Anonymous Symbol]                       0x08001fd0   Section        0  stm32g4xx_hal_hrtim.o(.text.HRTIM_OutputConfig)
    HRTIM_TimingUnitBase_Config              0x080020c9   Thumb Code    46  stm32g4xx_hal_hrtim.o(.text.HRTIM_TimingUnitBase_Config)
    [Anonymous Symbol]                       0x080020c8   Section        0  stm32g4xx_hal_hrtim.o(.text.HRTIM_TimingUnitBase_Config)
    HRTIM_TimingUnitWaveform_Config          0x080020f9   Thumb Code   384  stm32g4xx_hal_hrtim.o(.text.HRTIM_TimingUnitWaveform_Config)
    [Anonymous Symbol]                       0x080020f8   Section        0  stm32g4xx_hal_hrtim.o(.text.HRTIM_TimingUnitWaveform_Config)
    HRTIM_TimingUnitWaveform_Control         0x08002291   Thumb Code    88  stm32g4xx_hal_hrtim.o(.text.HRTIM_TimingUnitWaveform_Control)
    [Anonymous Symbol]                       0x08002290   Section        0  stm32g4xx_hal_hrtim.o(.text.HRTIM_TimingUnitWaveform_Control)
    [Anonymous Symbol]                       0x080022e8   Section        0  stm32g4xx_it.o(.text.HardFault_Handler)
    LL_EXTI_ClearFlag_0_31                   0x080022ed   Thumb Code    12  stm32g4xx_hal_comp.o(.text.LL_EXTI_ClearFlag_0_31)
    [Anonymous Symbol]                       0x080022ec   Section        0  stm32g4xx_hal_comp.o(.text.LL_EXTI_ClearFlag_0_31)
    LL_EXTI_ClearFlag_32_63                  0x080022f9   Thumb Code    12  stm32g4xx_hal_comp.o(.text.LL_EXTI_ClearFlag_32_63)
    [Anonymous Symbol]                       0x080022f8   Section        0  stm32g4xx_hal_comp.o(.text.LL_EXTI_ClearFlag_32_63)
    LL_EXTI_DisableEvent_0_31                0x08002305   Thumb Code    18  stm32g4xx_hal_comp.o(.text.LL_EXTI_DisableEvent_0_31)
    [Anonymous Symbol]                       0x08002304   Section        0  stm32g4xx_hal_comp.o(.text.LL_EXTI_DisableEvent_0_31)
    LL_EXTI_DisableEvent_32_63               0x08002319   Thumb Code    18  stm32g4xx_hal_comp.o(.text.LL_EXTI_DisableEvent_32_63)
    [Anonymous Symbol]                       0x08002318   Section        0  stm32g4xx_hal_comp.o(.text.LL_EXTI_DisableEvent_32_63)
    LL_EXTI_DisableFallingTrig_0_31          0x0800232d   Thumb Code    18  stm32g4xx_hal_comp.o(.text.LL_EXTI_DisableFallingTrig_0_31)
    [Anonymous Symbol]                       0x0800232c   Section        0  stm32g4xx_hal_comp.o(.text.LL_EXTI_DisableFallingTrig_0_31)
    LL_EXTI_DisableFallingTrig_32_63         0x08002341   Thumb Code    18  stm32g4xx_hal_comp.o(.text.LL_EXTI_DisableFallingTrig_32_63)
    [Anonymous Symbol]                       0x08002340   Section        0  stm32g4xx_hal_comp.o(.text.LL_EXTI_DisableFallingTrig_32_63)
    LL_EXTI_DisableIT_0_31                   0x08002355   Thumb Code    18  stm32g4xx_hal_comp.o(.text.LL_EXTI_DisableIT_0_31)
    [Anonymous Symbol]                       0x08002354   Section        0  stm32g4xx_hal_comp.o(.text.LL_EXTI_DisableIT_0_31)
    LL_EXTI_DisableIT_32_63                  0x08002369   Thumb Code    18  stm32g4xx_hal_comp.o(.text.LL_EXTI_DisableIT_32_63)
    [Anonymous Symbol]                       0x08002368   Section        0  stm32g4xx_hal_comp.o(.text.LL_EXTI_DisableIT_32_63)
    LL_EXTI_DisableRisingTrig_0_31           0x0800237d   Thumb Code    18  stm32g4xx_hal_comp.o(.text.LL_EXTI_DisableRisingTrig_0_31)
    [Anonymous Symbol]                       0x0800237c   Section        0  stm32g4xx_hal_comp.o(.text.LL_EXTI_DisableRisingTrig_0_31)
    LL_EXTI_DisableRisingTrig_32_63          0x08002391   Thumb Code    18  stm32g4xx_hal_comp.o(.text.LL_EXTI_DisableRisingTrig_32_63)
    [Anonymous Symbol]                       0x08002390   Section        0  stm32g4xx_hal_comp.o(.text.LL_EXTI_DisableRisingTrig_32_63)
    LL_EXTI_EnableEvent_0_31                 0x080023a5   Thumb Code    16  stm32g4xx_hal_comp.o(.text.LL_EXTI_EnableEvent_0_31)
    [Anonymous Symbol]                       0x080023a4   Section        0  stm32g4xx_hal_comp.o(.text.LL_EXTI_EnableEvent_0_31)
    LL_EXTI_EnableEvent_32_63                0x080023b5   Thumb Code    16  stm32g4xx_hal_comp.o(.text.LL_EXTI_EnableEvent_32_63)
    [Anonymous Symbol]                       0x080023b4   Section        0  stm32g4xx_hal_comp.o(.text.LL_EXTI_EnableEvent_32_63)
    LL_EXTI_EnableFallingTrig_0_31           0x080023c5   Thumb Code    16  stm32g4xx_hal_comp.o(.text.LL_EXTI_EnableFallingTrig_0_31)
    [Anonymous Symbol]                       0x080023c4   Section        0  stm32g4xx_hal_comp.o(.text.LL_EXTI_EnableFallingTrig_0_31)
    LL_EXTI_EnableFallingTrig_32_63          0x080023d5   Thumb Code    16  stm32g4xx_hal_comp.o(.text.LL_EXTI_EnableFallingTrig_32_63)
    [Anonymous Symbol]                       0x080023d4   Section        0  stm32g4xx_hal_comp.o(.text.LL_EXTI_EnableFallingTrig_32_63)
    LL_EXTI_EnableIT_0_31                    0x080023e5   Thumb Code    16  stm32g4xx_hal_comp.o(.text.LL_EXTI_EnableIT_0_31)
    [Anonymous Symbol]                       0x080023e4   Section        0  stm32g4xx_hal_comp.o(.text.LL_EXTI_EnableIT_0_31)
    LL_EXTI_EnableIT_32_63                   0x080023f5   Thumb Code    16  stm32g4xx_hal_comp.o(.text.LL_EXTI_EnableIT_32_63)
    [Anonymous Symbol]                       0x080023f4   Section        0  stm32g4xx_hal_comp.o(.text.LL_EXTI_EnableIT_32_63)
    LL_EXTI_EnableRisingTrig_0_31            0x08002405   Thumb Code    16  stm32g4xx_hal_comp.o(.text.LL_EXTI_EnableRisingTrig_0_31)
    [Anonymous Symbol]                       0x08002404   Section        0  stm32g4xx_hal_comp.o(.text.LL_EXTI_EnableRisingTrig_0_31)
    LL_EXTI_EnableRisingTrig_32_63           0x08002415   Thumb Code    16  stm32g4xx_hal_comp.o(.text.LL_EXTI_EnableRisingTrig_32_63)
    [Anonymous Symbol]                       0x08002414   Section        0  stm32g4xx_hal_comp.o(.text.LL_EXTI_EnableRisingTrig_32_63)
    [Anonymous Symbol]                       0x08002424   Section        0  comp.o(.text.MX_COMP4_Init)
    [Anonymous Symbol]                       0x0800245c   Section        0  gpio.o(.text.MX_GPIO_Init)
    [Anonymous Symbol]                       0x080024b4   Section        0  hrtim.o(.text.MX_HRTIM1_Init)
    [Anonymous Symbol]                       0x0800288c   Section        0  stm32g4xx_it.o(.text.MemManage_Handler)
    [Anonymous Symbol]                       0x08002890   Section        0  stm32g4xx_it.o(.text.NMI_Handler)
    NVIC_EncodePriority                      0x08002895   Thumb Code    44  stm32g4xx_hal_cortex.o(.text.NVIC_EncodePriority)
    [Anonymous Symbol]                       0x08002894   Section        0  stm32g4xx_hal_cortex.o(.text.NVIC_EncodePriority)
    [Anonymous Symbol]                       0x080028c0   Section        0  stm32g4xx_it.o(.text.PendSV_Handler)
    RCC_GetSysClockFreqFromPLLSource         0x080028c5   Thumb Code    72  stm32g4xx_hal_rcc.o(.text.RCC_GetSysClockFreqFromPLLSource)
    [Anonymous Symbol]                       0x080028c4   Section        0  stm32g4xx_hal_rcc.o(.text.RCC_GetSysClockFreqFromPLLSource)
    [Anonymous Symbol]                       0x0800290c   Section        0  stm32g4xx_it.o(.text.SVC_Handler)
    SysTick_Config                           0x08002911   Thumb Code    46  stm32g4xx_hal_cortex.o(.text.SysTick_Config)
    [Anonymous Symbol]                       0x08002910   Section        0  stm32g4xx_hal_cortex.o(.text.SysTick_Config)
    [Anonymous Symbol]                       0x08002940   Section        0  stm32g4xx_it.o(.text.SysTick_Handler)
    [Anonymous Symbol]                       0x08002948   Section        0  main.o(.text.SystemClock_Config)
    [Anonymous Symbol]                       0x080029b4   Section        0  system_stm32g4xx.o(.text.SystemInit)
    [Anonymous Symbol]                       0x080029c8   Section        0  stm32g4xx_it.o(.text.UsageFault_Handler)
    __NVIC_GetPriorityGrouping               0x080029cd   Thumb Code    16  stm32g4xx_hal_cortex.o(.text.__NVIC_GetPriorityGrouping)
    [Anonymous Symbol]                       0x080029cc   Section        0  stm32g4xx_hal_cortex.o(.text.__NVIC_GetPriorityGrouping)
    __NVIC_SetPriority                       0x080029dd   Thumb Code    34  stm32g4xx_hal_cortex.o(.text.__NVIC_SetPriority)
    [Anonymous Symbol]                       0x080029dc   Section        0  stm32g4xx_hal_cortex.o(.text.__NVIC_SetPriority)
    __NVIC_SetPriorityGrouping               0x08002a01   Thumb Code    32  stm32g4xx_hal_cortex.o(.text.__NVIC_SetPriorityGrouping)
    [Anonymous Symbol]                       0x08002a00   Section        0  stm32g4xx_hal_cortex.o(.text.__NVIC_SetPriorityGrouping)
    [Anonymous Symbol]                       0x08002a20   Section        0  main.o(.text.main)
    $v0                                      0x08002ab0   Number         0  fpinit.o(x$fpl$fpinit)
    x$fpl$fpinit                             0x08002ab0   Section       26  fpinit.o(x$fpl$fpinit)
    .bss                                     0x20000010   Section       96  libspace.o(.bss)
    Heap_Mem                                 0x200001a0   Data         512  startup_stm32g474xx.o(HEAP)
    HEAP                                     0x200001a0   Section      512  startup_stm32g474xx.o(HEAP)
    Stack_Mem                                0x200003a0   Data        1024  startup_stm32g474xx.o(STACK)
    STACK                                    0x200003a0   Section     1024  startup_stm32g474xx.o(STACK)
    __initial_sp                             0x200007a0   Data           0  startup_stm32g474xx.o(STACK)

    Global Symbols

    Symbol Name                              Value     Ov Type        Size  Object(Section)

    BuildAttributes$$THM_ISAv4$E$P$D$K$B$S$7EM$VFPi3$EXTD16$VFPS$VFMA$PE$A:L22UL41UL21$X:L11$S22US41US21$IEEE1$IW$~IW$USESV6$~STKCKD$USESV7$~SHL$OTIME$ROPI$EBA8$UX$STANDARDLIB$REQ8$PRES8$EABIv2 0x00000000   Number         0  anon$$obj.o ABSOLUTE
    __ARM_exceptions_init                     - Undefined Weak Reference
    __alloca_initialize                       - Undefined Weak Reference
    __arm_preinit_                            - Undefined Weak Reference
    __cpp_initialize__aeabi_                  - Undefined Weak Reference
    __cxa_finalize                            - Undefined Weak Reference
    __rt_locale                               - Undefined Weak Reference
    __sigvec_lookup                           - Undefined Weak Reference
    _atexit_init                              - Undefined Weak Reference
    _call_atexit_fns                          - Undefined Weak Reference
    _clock_init                               - Undefined Weak Reference
    _fp_trap_init                             - Undefined Weak Reference
    _fp_trap_shutdown                         - Undefined Weak Reference
    _get_lc_collate                           - Undefined Weak Reference
    _get_lc_ctype                             - Undefined Weak Reference
    _get_lc_monetary                          - Undefined Weak Reference
    _get_lc_numeric                           - Undefined Weak Reference
    _get_lc_time                              - Undefined Weak Reference
    _getenv_init                              - Undefined Weak Reference
    _handle_redirection                       - Undefined Weak Reference
    _init_alloc                               - Undefined Weak Reference
    _init_user_alloc                          - Undefined Weak Reference
    _initio                                   - Undefined Weak Reference
    _rand_init                                - Undefined Weak Reference
    _signal_finish                            - Undefined Weak Reference
    _signal_init                              - Undefined Weak Reference
    _terminate_alloc                          - Undefined Weak Reference
    _terminate_user_alloc                     - Undefined Weak Reference
    _terminateio                              - Undefined Weak Reference
    __Vectors_Size                           0x000001d8   Number         0  startup_stm32g474xx.o ABSOLUTE
    __Vectors                                0x08000000   Data           4  startup_stm32g474xx.o(RESET)
    __Vectors_End                            0x080001d8   Data           0  startup_stm32g474xx.o(RESET)
    __main                                   0x080001d9   Thumb Code     8  __main.o(!!!main)
    __scatterload                            0x080001e1   Thumb Code     0  __scatter.o(!!!scatter)
    __scatterload_rt2                        0x080001e1   Thumb Code    44  __scatter.o(!!!scatter)
    __scatterload_rt2_thumb_only             0x080001e1   Thumb Code     0  __scatter.o(!!!scatter)
    __scatterload_null                       0x080001ef   Thumb Code     0  __scatter.o(!!!scatter)
    __scatterload_copy                       0x08000215   Thumb Code    26  __scatter_copy.o(!!handler_copy)
    __scatterload_zeroinit                   0x08000231   Thumb Code    28  __scatter_zi.o(!!handler_zi)
    __rt_lib_init                            0x0800024d   Thumb Code     0  libinit.o(.ARM.Collect$$libinit$$00000000)
    __rt_lib_init_fp_1                       0x0800024f   Thumb Code     0  libinit2.o(.ARM.Collect$$libinit$$00000001)
    __rt_lib_init_alloca_1                   0x08000253   Thumb Code     0  libinit2.o(.ARM.Collect$$libinit$$0000002E)
    __rt_lib_init_argv_1                     0x08000253   Thumb Code     0  libinit2.o(.ARM.Collect$$libinit$$0000002C)
    __rt_lib_init_atexit_1                   0x08000253   Thumb Code     0  libinit2.o(.ARM.Collect$$libinit$$0000001B)
    __rt_lib_init_clock_1                    0x08000253   Thumb Code     0  libinit2.o(.ARM.Collect$$libinit$$00000021)
    __rt_lib_init_cpp_1                      0x08000253   Thumb Code     0  libinit2.o(.ARM.Collect$$libinit$$00000032)
    __rt_lib_init_exceptions_1               0x08000253   Thumb Code     0  libinit2.o(.ARM.Collect$$libinit$$00000030)
    __rt_lib_init_fp_trap_1                  0x08000253   Thumb Code     0  libinit2.o(.ARM.Collect$$libinit$$0000001F)
    __rt_lib_init_getenv_1                   0x08000253   Thumb Code     0  libinit2.o(.ARM.Collect$$libinit$$00000023)
    __rt_lib_init_heap_1                     0x08000253   Thumb Code     0  libinit2.o(.ARM.Collect$$libinit$$0000000A)
    __rt_lib_init_lc_collate_1               0x08000253   Thumb Code     0  libinit2.o(.ARM.Collect$$libinit$$00000011)
    __rt_lib_init_lc_ctype_1                 0x08000253   Thumb Code     0  libinit2.o(.ARM.Collect$$libinit$$00000013)
    __rt_lib_init_lc_monetary_1              0x08000253   Thumb Code     0  libinit2.o(.ARM.Collect$$libinit$$00000015)
    __rt_lib_init_lc_numeric_1               0x08000253   Thumb Code     0  libinit2.o(.ARM.Collect$$libinit$$00000017)
    __rt_lib_init_lc_time_1                  0x08000253   Thumb Code     0  libinit2.o(.ARM.Collect$$libinit$$00000019)
    __rt_lib_init_preinit_1                  0x08000253   Thumb Code     0  libinit2.o(.ARM.Collect$$libinit$$00000004)
    __rt_lib_init_rand_1                     0x08000253   Thumb Code     0  libinit2.o(.ARM.Collect$$libinit$$0000000E)
    __rt_lib_init_return                     0x08000253   Thumb Code     0  libinit2.o(.ARM.Collect$$libinit$$00000033)
    __rt_lib_init_signal_1                   0x08000253   Thumb Code     0  libinit2.o(.ARM.Collect$$libinit$$0000001D)
    __rt_lib_init_stdio_1                    0x08000253   Thumb Code     0  libinit2.o(.ARM.Collect$$libinit$$00000025)
    __rt_lib_init_user_alloc_1               0x08000253   Thumb Code     0  libinit2.o(.ARM.Collect$$libinit$$0000000C)
    __rt_lib_shutdown                        0x08000255   Thumb Code     0  libshutdown.o(.ARM.Collect$$libshutdown$$00000000)
    __rt_lib_shutdown_cpp_1                  0x08000257   Thumb Code     0  libshutdown2.o(.ARM.Collect$$libshutdown$$00000002)
    __rt_lib_shutdown_fp_trap_1              0x08000257   Thumb Code     0  libshutdown2.o(.ARM.Collect$$libshutdown$$00000007)
    __rt_lib_shutdown_heap_1                 0x08000257   Thumb Code     0  libshutdown2.o(.ARM.Collect$$libshutdown$$0000000F)
    __rt_lib_shutdown_return                 0x08000257   Thumb Code     0  libshutdown2.o(.ARM.Collect$$libshutdown$$00000010)
    __rt_lib_shutdown_signal_1               0x08000257   Thumb Code     0  libshutdown2.o(.ARM.Collect$$libshutdown$$0000000A)
    __rt_lib_shutdown_stdio_1                0x08000257   Thumb Code     0  libshutdown2.o(.ARM.Collect$$libshutdown$$00000004)
    __rt_lib_shutdown_user_alloc_1           0x08000257   Thumb Code     0  libshutdown2.o(.ARM.Collect$$libshutdown$$0000000C)
    __rt_entry                               0x08000259   Thumb Code     0  __rtentry.o(.ARM.Collect$$rtentry$$00000000)
    __rt_entry_presh_1                       0x08000259   Thumb Code     0  __rtentry2.o(.ARM.Collect$$rtentry$$00000002)
    __rt_entry_sh                            0x08000259   Thumb Code     0  __rtentry4.o(.ARM.Collect$$rtentry$$00000004)
    __rt_entry_li                            0x0800025f   Thumb Code     0  __rtentry2.o(.ARM.Collect$$rtentry$$0000000A)
    __rt_entry_postsh_1                      0x0800025f   Thumb Code     0  __rtentry2.o(.ARM.Collect$$rtentry$$00000009)
    __rt_entry_main                          0x08000263   Thumb Code     0  __rtentry2.o(.ARM.Collect$$rtentry$$0000000D)
    __rt_entry_postli_1                      0x08000263   Thumb Code     0  __rtentry2.o(.ARM.Collect$$rtentry$$0000000C)
    __rt_exit                                0x0800026b   Thumb Code     0  rtexit.o(.ARM.Collect$$rtexit$$00000000)
    __rt_exit_ls                             0x0800026d   Thumb Code     0  rtexit2.o(.ARM.Collect$$rtexit$$00000003)
    __rt_exit_prels_1                        0x0800026d   Thumb Code     0  rtexit2.o(.ARM.Collect$$rtexit$$00000002)
    __rt_exit_exit                           0x08000271   Thumb Code     0  rtexit2.o(.ARM.Collect$$rtexit$$00000004)
    Reset_Handler                            0x08000279   Thumb Code     8  startup_stm32g474xx.o(.text)
    ADC1_2_IRQHandler                        0x08000293   Thumb Code     0  startup_stm32g474xx.o(.text)
    ADC3_IRQHandler                          0x08000293   Thumb Code     0  startup_stm32g474xx.o(.text)
    ADC4_IRQHandler                          0x08000293   Thumb Code     0  startup_stm32g474xx.o(.text)
    ADC5_IRQHandler                          0x08000293   Thumb Code     0  startup_stm32g474xx.o(.text)
    COMP1_2_3_IRQHandler                     0x08000293   Thumb Code     0  startup_stm32g474xx.o(.text)
    COMP4_5_6_IRQHandler                     0x08000293   Thumb Code     0  startup_stm32g474xx.o(.text)
    COMP7_IRQHandler                         0x08000293   Thumb Code     0  startup_stm32g474xx.o(.text)
    CORDIC_IRQHandler                        0x08000293   Thumb Code     0  startup_stm32g474xx.o(.text)
    CRS_IRQHandler                           0x08000293   Thumb Code     0  startup_stm32g474xx.o(.text)
    DMA1_Channel1_IRQHandler                 0x08000293   Thumb Code     0  startup_stm32g474xx.o(.text)
    DMA1_Channel2_IRQHandler                 0x08000293   Thumb Code     0  startup_stm32g474xx.o(.text)
    DMA1_Channel3_IRQHandler                 0x08000293   Thumb Code     0  startup_stm32g474xx.o(.text)
    DMA1_Channel4_IRQHandler                 0x08000293   Thumb Code     0  startup_stm32g474xx.o(.text)
    DMA1_Channel5_IRQHandler                 0x08000293   Thumb Code     0  startup_stm32g474xx.o(.text)
    DMA1_Channel6_IRQHandler                 0x08000293   Thumb Code     0  startup_stm32g474xx.o(.text)
    DMA1_Channel7_IRQHandler                 0x08000293   Thumb Code     0  startup_stm32g474xx.o(.text)
    DMA1_Channel8_IRQHandler                 0x08000293   Thumb Code     0  startup_stm32g474xx.o(.text)
    DMA2_Channel1_IRQHandler                 0x08000293   Thumb Code     0  startup_stm32g474xx.o(.text)
    DMA2_Channel2_IRQHandler                 0x08000293   Thumb Code     0  startup_stm32g474xx.o(.text)
    DMA2_Channel3_IRQHandler                 0x08000293   Thumb Code     0  startup_stm32g474xx.o(.text)
    DMA2_Channel4_IRQHandler                 0x08000293   Thumb Code     0  startup_stm32g474xx.o(.text)
    DMA2_Channel5_IRQHandler                 0x08000293   Thumb Code     0  startup_stm32g474xx.o(.text)
    DMA2_Channel6_IRQHandler                 0x08000293   Thumb Code     0  startup_stm32g474xx.o(.text)
    DMA2_Channel7_IRQHandler                 0x08000293   Thumb Code     0  startup_stm32g474xx.o(.text)
    DMA2_Channel8_IRQHandler                 0x08000293   Thumb Code     0  startup_stm32g474xx.o(.text)
    DMAMUX_OVR_IRQHandler                    0x08000293   Thumb Code     0  startup_stm32g474xx.o(.text)
    EXTI0_IRQHandler                         0x08000293   Thumb Code     0  startup_stm32g474xx.o(.text)
    EXTI15_10_IRQHandler                     0x08000293   Thumb Code     0  startup_stm32g474xx.o(.text)
    EXTI1_IRQHandler                         0x08000293   Thumb Code     0  startup_stm32g474xx.o(.text)
    EXTI2_IRQHandler                         0x08000293   Thumb Code     0  startup_stm32g474xx.o(.text)
    EXTI3_IRQHandler                         0x08000293   Thumb Code     0  startup_stm32g474xx.o(.text)
    EXTI4_IRQHandler                         0x08000293   Thumb Code     0  startup_stm32g474xx.o(.text)
    EXTI9_5_IRQHandler                       0x08000293   Thumb Code     0  startup_stm32g474xx.o(.text)
    FDCAN1_IT0_IRQHandler                    0x08000293   Thumb Code     0  startup_stm32g474xx.o(.text)
    FDCAN1_IT1_IRQHandler                    0x08000293   Thumb Code     0  startup_stm32g474xx.o(.text)
    FDCAN2_IT0_IRQHandler                    0x08000293   Thumb Code     0  startup_stm32g474xx.o(.text)
    FDCAN2_IT1_IRQHandler                    0x08000293   Thumb Code     0  startup_stm32g474xx.o(.text)
    FDCAN3_IT0_IRQHandler                    0x08000293   Thumb Code     0  startup_stm32g474xx.o(.text)
    FDCAN3_IT1_IRQHandler                    0x08000293   Thumb Code     0  startup_stm32g474xx.o(.text)
    FLASH_IRQHandler                         0x08000293   Thumb Code     0  startup_stm32g474xx.o(.text)
    FMAC_IRQHandler                          0x08000293   Thumb Code     0  startup_stm32g474xx.o(.text)
    FMC_IRQHandler                           0x08000293   Thumb Code     0  startup_stm32g474xx.o(.text)
    FPU_IRQHandler                           0x08000293   Thumb Code     0  startup_stm32g474xx.o(.text)
    HRTIM1_FLT_IRQHandler                    0x08000293   Thumb Code     0  startup_stm32g474xx.o(.text)
    HRTIM1_Master_IRQHandler                 0x08000293   Thumb Code     0  startup_stm32g474xx.o(.text)
    HRTIM1_TIMA_IRQHandler                   0x08000293   Thumb Code     0  startup_stm32g474xx.o(.text)
    HRTIM1_TIMB_IRQHandler                   0x08000293   Thumb Code     0  startup_stm32g474xx.o(.text)
    HRTIM1_TIMC_IRQHandler                   0x08000293   Thumb Code     0  startup_stm32g474xx.o(.text)
    HRTIM1_TIMD_IRQHandler                   0x08000293   Thumb Code     0  startup_stm32g474xx.o(.text)
    HRTIM1_TIME_IRQHandler                   0x08000293   Thumb Code     0  startup_stm32g474xx.o(.text)
    HRTIM1_TIMF_IRQHandler                   0x08000293   Thumb Code     0  startup_stm32g474xx.o(.text)
    I2C1_ER_IRQHandler                       0x08000293   Thumb Code     0  startup_stm32g474xx.o(.text)
    I2C1_EV_IRQHandler                       0x08000293   Thumb Code     0  startup_stm32g474xx.o(.text)
    I2C2_ER_IRQHandler                       0x08000293   Thumb Code     0  startup_stm32g474xx.o(.text)
    I2C2_EV_IRQHandler                       0x08000293   Thumb Code     0  startup_stm32g474xx.o(.text)
    I2C3_ER_IRQHandler                       0x08000293   Thumb Code     0  startup_stm32g474xx.o(.text)
    I2C3_EV_IRQHandler                       0x08000293   Thumb Code     0  startup_stm32g474xx.o(.text)
    I2C4_ER_IRQHandler                       0x08000293   Thumb Code     0  startup_stm32g474xx.o(.text)
    I2C4_EV_IRQHandler                       0x08000293   Thumb Code     0  startup_stm32g474xx.o(.text)
    LPTIM1_IRQHandler                        0x08000293   Thumb Code     0  startup_stm32g474xx.o(.text)
    LPUART1_IRQHandler                       0x08000293   Thumb Code     0  startup_stm32g474xx.o(.text)
    PVD_PVM_IRQHandler                       0x08000293   Thumb Code     0  startup_stm32g474xx.o(.text)
    QUADSPI_IRQHandler                       0x08000293   Thumb Code     0  startup_stm32g474xx.o(.text)
    RCC_IRQHandler                           0x08000293   Thumb Code     0  startup_stm32g474xx.o(.text)
    RNG_IRQHandler                           0x08000293   Thumb Code     0  startup_stm32g474xx.o(.text)
    RTC_Alarm_IRQHandler                     0x08000293   Thumb Code     0  startup_stm32g474xx.o(.text)
    RTC_TAMP_LSECSS_IRQHandler               0x08000293   Thumb Code     0  startup_stm32g474xx.o(.text)
    RTC_WKUP_IRQHandler                      0x08000293   Thumb Code     0  startup_stm32g474xx.o(.text)
    SAI1_IRQHandler                          0x08000293   Thumb Code     0  startup_stm32g474xx.o(.text)
    SPI1_IRQHandler                          0x08000293   Thumb Code     0  startup_stm32g474xx.o(.text)
    SPI2_IRQHandler                          0x08000293   Thumb Code     0  startup_stm32g474xx.o(.text)
    SPI3_IRQHandler                          0x08000293   Thumb Code     0  startup_stm32g474xx.o(.text)
    SPI4_IRQHandler                          0x08000293   Thumb Code     0  startup_stm32g474xx.o(.text)
    TIM1_BRK_TIM15_IRQHandler                0x08000293   Thumb Code     0  startup_stm32g474xx.o(.text)
    TIM1_CC_IRQHandler                       0x08000293   Thumb Code     0  startup_stm32g474xx.o(.text)
    TIM1_TRG_COM_TIM17_IRQHandler            0x08000293   Thumb Code     0  startup_stm32g474xx.o(.text)
    TIM1_UP_TIM16_IRQHandler                 0x08000293   Thumb Code     0  startup_stm32g474xx.o(.text)
    TIM20_BRK_IRQHandler                     0x08000293   Thumb Code     0  startup_stm32g474xx.o(.text)
    TIM20_CC_IRQHandler                      0x08000293   Thumb Code     0  startup_stm32g474xx.o(.text)
    TIM20_TRG_COM_IRQHandler                 0x08000293   Thumb Code     0  startup_stm32g474xx.o(.text)
    TIM20_UP_IRQHandler                      0x08000293   Thumb Code     0  startup_stm32g474xx.o(.text)
    TIM2_IRQHandler                          0x08000293   Thumb Code     0  startup_stm32g474xx.o(.text)
    TIM3_IRQHandler                          0x08000293   Thumb Code     0  startup_stm32g474xx.o(.text)
    TIM4_IRQHandler                          0x08000293   Thumb Code     0  startup_stm32g474xx.o(.text)
    TIM5_IRQHandler                          0x08000293   Thumb Code     0  startup_stm32g474xx.o(.text)
    TIM6_DAC_IRQHandler                      0x08000293   Thumb Code     0  startup_stm32g474xx.o(.text)
    TIM7_DAC_IRQHandler                      0x08000293   Thumb Code     0  startup_stm32g474xx.o(.text)
    TIM8_BRK_IRQHandler                      0x08000293   Thumb Code     0  startup_stm32g474xx.o(.text)
    TIM8_CC_IRQHandler                       0x08000293   Thumb Code     0  startup_stm32g474xx.o(.text)
    TIM8_TRG_COM_IRQHandler                  0x08000293   Thumb Code     0  startup_stm32g474xx.o(.text)
    TIM8_UP_IRQHandler                       0x08000293   Thumb Code     0  startup_stm32g474xx.o(.text)
    UART4_IRQHandler                         0x08000293   Thumb Code     0  startup_stm32g474xx.o(.text)
    UART5_IRQHandler                         0x08000293   Thumb Code     0  startup_stm32g474xx.o(.text)
    UCPD1_IRQHandler                         0x08000293   Thumb Code     0  startup_stm32g474xx.o(.text)
    USART1_IRQHandler                        0x08000293   Thumb Code     0  startup_stm32g474xx.o(.text)
    USART2_IRQHandler                        0x08000293   Thumb Code     0  startup_stm32g474xx.o(.text)
    USART3_IRQHandler                        0x08000293   Thumb Code     0  startup_stm32g474xx.o(.text)
    USBWakeUp_IRQHandler                     0x08000293   Thumb Code     0  startup_stm32g474xx.o(.text)
    USB_HP_IRQHandler                        0x08000293   Thumb Code     0  startup_stm32g474xx.o(.text)
    USB_LP_IRQHandler                        0x08000293   Thumb Code     0  startup_stm32g474xx.o(.text)
    WWDG_IRQHandler                          0x08000293   Thumb Code     0  startup_stm32g474xx.o(.text)
    __user_initial_stackheap                 0x08000295   Thumb Code     0  startup_stm32g474xx.o(.text)
    __aeabi_memclr4                          0x080002b9   Thumb Code     0  rt_memclr_w.o(.text)
    __aeabi_memclr8                          0x080002b9   Thumb Code     0  rt_memclr_w.o(.text)
    __rt_memclr_w                            0x080002b9   Thumb Code     0  rt_memclr_w.o(.text)
    _memset_w                                0x080002bd   Thumb Code    74  rt_memclr_w.o(.text)
    __use_two_region_memory                  0x08000307   Thumb Code     2  heapauxi.o(.text)
    __rt_heap_escrow$2region                 0x08000309   Thumb Code     2  heapauxi.o(.text)
    __rt_heap_expand$2region                 0x0800030b   Thumb Code     2  heapauxi.o(.text)
    __user_setup_stackheap                   0x0800030d   Thumb Code    74  sys_stackheap_outer.o(.text)
    exit                                     0x08000357   Thumb Code    18  exit.o(.text)
    __user_libspace                          0x08000369   Thumb Code     8  libspace.o(.text)
    __user_perproc_libspace                  0x08000369   Thumb Code     0  libspace.o(.text)
    __user_perthread_libspace                0x08000369   Thumb Code     0  libspace.o(.text)
    _sys_exit                                0x08000371   Thumb Code     8  sys_exit.o(.text)
    __I$use$semihosting                      0x0800037d   Thumb Code     0  use_no_semi.o(.text)
    __use_no_semihosting_swi                 0x0800037d   Thumb Code     2  use_no_semi.o(.text)
    __semihosting_library_function           0x0800037f   Thumb Code     0  indicate_semi.o(.text)
    BusFault_Handler                         0x08000381   Thumb Code     2  stm32g4xx_it.o(.text.BusFault_Handler)
    DebugMon_Handler                         0x08000385   Thumb Code     2  stm32g4xx_it.o(.text.DebugMon_Handler)
    Error_Handler                            0x08000389   Thumb Code    10  main.o(.text.Error_Handler)
    HAL_COMP_GetOutputLevel                  0x08000395   Thumb Code    10  stm32g4xx_hal_comp.o(.text.HAL_COMP_GetOutputLevel)
    HAL_COMP_Init                            0x080003a1   Thumb Code   552  stm32g4xx_hal_comp.o(.text.HAL_COMP_Init)
    HAL_COMP_MspInit                         0x080005dd   Thumb Code    88  comp.o(.text.HAL_COMP_MspInit)
    HAL_COMP_Start                           0x08000635   Thumb Code    92  stm32g4xx_hal_comp.o(.text.HAL_COMP_Start)
    HAL_GPIO_Init                            0x08000691   Thumb Code   414  stm32g4xx_hal_gpio.o(.text.HAL_GPIO_Init)
    HAL_GetTick                              0x08000831   Thumb Code    12  stm32g4xx_hal.o(.text.HAL_GetTick)
    HAL_HRTIM_DLLCalibrationStart            0x0800083d   Thumb Code    84  stm32g4xx_hal_hrtim.o(.text.HAL_HRTIM_DLLCalibrationStart)
    HAL_HRTIM_DeadTimeConfig                 0x08000891   Thumb Code   148  stm32g4xx_hal_hrtim.o(.text.HAL_HRTIM_DeadTimeConfig)
    HAL_HRTIM_EventConfig                    0x08000925   Thumb Code    58  stm32g4xx_hal_hrtim.o(.text.HAL_HRTIM_EventConfig)
    HAL_HRTIM_EventPrescalerConfig           0x08000961   Thumb Code    60  stm32g4xx_hal_hrtim.o(.text.HAL_HRTIM_EventPrescalerConfig)
    HAL_HRTIM_FaultBlankingConfigAndEnable   0x0800099d   Thumb Code   270  stm32g4xx_hal_hrtim.o(.text.HAL_HRTIM_FaultBlankingConfigAndEnable)
    HAL_HRTIM_FaultConfig                    0x08000aad   Thumb Code   472  stm32g4xx_hal_hrtim.o(.text.HAL_HRTIM_FaultConfig)
    HAL_HRTIM_FaultCounterConfig             0x08000c85   Thumb Code   282  stm32g4xx_hal_hrtim.o(.text.HAL_HRTIM_FaultCounterConfig)
    HAL_HRTIM_FaultCounterReset              0x08000da1   Thumb Code   206  stm32g4xx_hal_hrtim.o(.text.HAL_HRTIM_FaultCounterReset)
    HAL_HRTIM_FaultModeCtl                   0x08000e71   Thumb Code   140  stm32g4xx_hal_hrtim.o(.text.HAL_HRTIM_FaultModeCtl)
    HAL_HRTIM_FaultPrescalerConfig           0x08000efd   Thumb Code    60  stm32g4xx_hal_hrtim.o(.text.HAL_HRTIM_FaultPrescalerConfig)
    HAL_HRTIM_Init                           0x08000f39   Thumb Code   176  stm32g4xx_hal_hrtim.o(.text.HAL_HRTIM_Init)
    HAL_HRTIM_MspInit                        0x08000fe9   Thumb Code   110  hrtim.o(.text.HAL_HRTIM_MspInit)
    HAL_HRTIM_MspPostInit                    0x08001059   Thumb Code    94  hrtim.o(.text.HAL_HRTIM_MspPostInit)
    HAL_HRTIM_PollForDLLCalibration          0x080010b9   Thumb Code    82  stm32g4xx_hal_hrtim.o(.text.HAL_HRTIM_PollForDLLCalibration)
    HAL_HRTIM_TimeBaseConfig                 0x0800110d   Thumb Code    50  stm32g4xx_hal_hrtim.o(.text.HAL_HRTIM_TimeBaseConfig)
    HAL_HRTIM_WaveformCompareConfig          0x08001141   Thumb Code   332  stm32g4xx_hal_hrtim.o(.text.HAL_HRTIM_WaveformCompareConfig)
    HAL_HRTIM_WaveformCountStart             0x0800128d   Thumb Code    40  stm32g4xx_hal_hrtim.o(.text.HAL_HRTIM_WaveformCountStart)
    HAL_HRTIM_WaveformOutputConfig           0x080012b5   Thumb Code    58  stm32g4xx_hal_hrtim.o(.text.HAL_HRTIM_WaveformOutputConfig)
    HAL_HRTIM_WaveformOutputStart            0x080012f1   Thumb Code    44  stm32g4xx_hal_hrtim.o(.text.HAL_HRTIM_WaveformOutputStart)
    HAL_HRTIM_WaveformTimerConfig            0x0800131d   Thumb Code   146  stm32g4xx_hal_hrtim.o(.text.HAL_HRTIM_WaveformTimerConfig)
    HAL_HRTIM_WaveformTimerControl           0x080013b1   Thumb Code    68  stm32g4xx_hal_hrtim.o(.text.HAL_HRTIM_WaveformTimerControl)
    HAL_IncTick                              0x080013f5   Thumb Code    26  stm32g4xx_hal.o(.text.HAL_IncTick)
    HAL_Init                                 0x08001411   Thumb Code    30  stm32g4xx_hal.o(.text.HAL_Init)
    HAL_InitTick                             0x08001431   Thumb Code    86  stm32g4xx_hal.o(.text.HAL_InitTick)
    HAL_MspInit                              0x08001489   Thumb Code    56  stm32g4xx_hal_msp.o(.text.HAL_MspInit)
    HAL_NVIC_SetPriority                     0x080014c1   Thumb Code    30  stm32g4xx_hal_cortex.o(.text.HAL_NVIC_SetPriority)
    HAL_NVIC_SetPriorityGrouping             0x080014e1   Thumb Code     8  stm32g4xx_hal_cortex.o(.text.HAL_NVIC_SetPriorityGrouping)
    HAL_PWREx_ControlVoltageScaling          0x080014e9   Thumb Code   238  stm32g4xx_hal_pwr_ex.o(.text.HAL_PWREx_ControlVoltageScaling)
    HAL_PWREx_DisableUCPDDeadBattery         0x080015d9   Thumb Code    18  stm32g4xx_hal_pwr_ex.o(.text.HAL_PWREx_DisableUCPDDeadBattery)
    HAL_RCC_ClockConfig                      0x080015ed   Thumb Code   518  stm32g4xx_hal_rcc.o(.text.HAL_RCC_ClockConfig)
    HAL_RCC_GetSysClockFreq                  0x080017f5   Thumb Code   122  stm32g4xx_hal_rcc.o(.text.HAL_RCC_GetSysClockFreq)
    HAL_RCC_OscConfig                        0x08001871   Thumb Code  1146  stm32g4xx_hal_rcc.o(.text.HAL_RCC_OscConfig)
    HAL_SYSTICK_Config                       0x08001ced   Thumb Code     8  stm32g4xx_hal_cortex.o(.text.HAL_SYSTICK_Config)
    HardFault_Handler                        0x080022e9   Thumb Code     2  stm32g4xx_it.o(.text.HardFault_Handler)
    MX_COMP4_Init                            0x08002425   Thumb Code    54  comp.o(.text.MX_COMP4_Init)
    MX_GPIO_Init                             0x0800245d   Thumb Code    86  gpio.o(.text.MX_GPIO_Init)
    MX_HRTIM1_Init                           0x080024b5   Thumb Code   982  hrtim.o(.text.MX_HRTIM1_Init)
    MemManage_Handler                        0x0800288d   Thumb Code     2  stm32g4xx_it.o(.text.MemManage_Handler)
    NMI_Handler                              0x08002891   Thumb Code     2  stm32g4xx_it.o(.text.NMI_Handler)
    PendSV_Handler                           0x080028c1   Thumb Code     2  stm32g4xx_it.o(.text.PendSV_Handler)
    SVC_Handler                              0x0800290d   Thumb Code     2  stm32g4xx_it.o(.text.SVC_Handler)
    SysTick_Handler                          0x08002941   Thumb Code     8  stm32g4xx_it.o(.text.SysTick_Handler)
    SystemClock_Config                       0x08002949   Thumb Code   108  main.o(.text.SystemClock_Config)
    SystemInit                               0x080029b5   Thumb Code    18  system_stm32g4xx.o(.text.SystemInit)
    UsageFault_Handler                       0x080029c9   Thumb Code     2  stm32g4xx_it.o(.text.UsageFault_Handler)
    main                                     0x08002a21   Thumb Code   144  main.o(.text.main)
    _fp_init                                 0x08002ab1   Thumb Code    26  fpinit.o(x$fpl$fpinit)
    __fplib_config_fpu_vfp                   0x08002ac9   Thumb Code     0  fpinit.o(x$fpl$fpinit)
    __fplib_config_pureend_doubles           0x08002ac9   Thumb Code     0  fpinit.o(x$fpl$fpinit)
    AHBPrescTable                            0x08002aca   Data          16  system_stm32g4xx.o(.rodata.AHBPrescTable)
    Region$$Table$$Base                      0x08002adc   Number         0  anon$$obj.o(Region$$Table)
    Region$$Table$$Limit                     0x08002afc   Number         0  anon$$obj.o(Region$$Table)
    SystemCoreClock                          0x20000000   Data           4  system_stm32g4xx.o(.data.SystemCoreClock)
    uwTickFreq                               0x20000004   Data           4  stm32g4xx_hal.o(.data.uwTickFreq)
    uwTickPrio                               0x20000008   Data           4  stm32g4xx_hal.o(.data.uwTickPrio)
    __libspace_start                         0x20000010   Data          96  libspace.o(.bss)
    COMP_cnt                                 0x20000070   Data           4  main.o(.bss.COMP_cnt)
    __temporary_stack_top$libspace           0x20000070   Data           0  libspace.o(.bss)
    RES_cnt                                  0x20000074   Data           4  main.o(.bss.RES_cnt)
    hcomp4                                   0x20000078   Data          36  comp.o(.bss.hcomp4)
    hhrtim1                                  0x2000009c   Data         252  hrtim.o(.bss.hhrtim1)
    uwTick                                   0x20000198   Data           4  stm32g4xx_hal.o(.bss.uwTick)



==============================================================================

Memory Map of the image

  Image Entry point : 0x080001d9

  Load Region LR_IROM1 (Base: 0x08000000, Size: 0x00002b10, Max: 0x00080000, ABSOLUTE)

    Execution Region ER_IROM1 (Exec base: 0x08000000, Load base: 0x08000000, Size: 0x00002afc, Max: 0x00080000, ABSOLUTE)

    Exec Addr    Load Addr    Size         Type   Attr      Idx    E Section Name        Object

    0x08000000   0x08000000   0x000001d8   Data   RO            3    RESET               startup_stm32g474xx.o
    0x080001d8   0x080001d8   0x00000008   Code   RO         1071  * !!!main             c_w.l(__main.o)
    0x080001e0   0x080001e0   0x00000034   Code   RO         1234    !!!scatter          c_w.l(__scatter.o)
    0x08000214   0x08000214   0x0000001a   Code   RO         1236    !!handler_copy      c_w.l(__scatter_copy.o)
    0x0800022e   0x0800022e   0x00000002   PAD
    0x08000230   0x08000230   0x0000001c   Code   RO         1238    !!handler_zi        c_w.l(__scatter_zi.o)
    0x0800024c   0x0800024c   0x00000002   Code   RO         1098    .ARM.Collect$$libinit$$00000000  c_w.l(libinit.o)
    0x0800024e   0x0800024e   0x00000004   Code   RO         1104    .ARM.Collect$$libinit$$00000001  c_w.l(libinit2.o)
    0x08000252   0x08000252   0x00000000   Code   RO         1107    .ARM.Collect$$libinit$$00000004  c_w.l(libinit2.o)
    0x08000252   0x08000252   0x00000000   Code   RO         1110    .ARM.Collect$$libinit$$0000000A  c_w.l(libinit2.o)
    0x08000252   0x08000252   0x00000000   Code   RO         1112    .ARM.Collect$$libinit$$0000000C  c_w.l(libinit2.o)
    0x08000252   0x08000252   0x00000000   Code   RO         1114    .ARM.Collect$$libinit$$0000000E  c_w.l(libinit2.o)
    0x08000252   0x08000252   0x00000000   Code   RO         1117    .ARM.Collect$$libinit$$00000011  c_w.l(libinit2.o)
    0x08000252   0x08000252   0x00000000   Code   RO         1119    .ARM.Collect$$libinit$$00000013  c_w.l(libinit2.o)
    0x08000252   0x08000252   0x00000000   Code   RO         1121    .ARM.Collect$$libinit$$00000015  c_w.l(libinit2.o)
    0x08000252   0x08000252   0x00000000   Code   RO         1123    .ARM.Collect$$libinit$$00000017  c_w.l(libinit2.o)
    0x08000252   0x08000252   0x00000000   Code   RO         1125    .ARM.Collect$$libinit$$00000019  c_w.l(libinit2.o)
    0x08000252   0x08000252   0x00000000   Code   RO         1127    .ARM.Collect$$libinit$$0000001B  c_w.l(libinit2.o)
    0x08000252   0x08000252   0x00000000   Code   RO         1129    .ARM.Collect$$libinit$$0000001D  c_w.l(libinit2.o)
    0x08000252   0x08000252   0x00000000   Code   RO         1131    .ARM.Collect$$libinit$$0000001F  c_w.l(libinit2.o)
    0x08000252   0x08000252   0x00000000   Code   RO         1133    .ARM.Collect$$libinit$$00000021  c_w.l(libinit2.o)
    0x08000252   0x08000252   0x00000000   Code   RO         1135    .ARM.Collect$$libinit$$00000023  c_w.l(libinit2.o)
    0x08000252   0x08000252   0x00000000   Code   RO         1137    .ARM.Collect$$libinit$$00000025  c_w.l(libinit2.o)
    0x08000252   0x08000252   0x00000000   Code   RO         1141    .ARM.Collect$$libinit$$0000002C  c_w.l(libinit2.o)
    0x08000252   0x08000252   0x00000000   Code   RO         1143    .ARM.Collect$$libinit$$0000002E  c_w.l(libinit2.o)
    0x08000252   0x08000252   0x00000000   Code   RO         1145    .ARM.Collect$$libinit$$00000030  c_w.l(libinit2.o)
    0x08000252   0x08000252   0x00000000   Code   RO         1147    .ARM.Collect$$libinit$$00000032  c_w.l(libinit2.o)
    0x08000252   0x08000252   0x00000002   Code   RO         1148    .ARM.Collect$$libinit$$00000033  c_w.l(libinit2.o)
    0x08000254   0x08000254   0x00000002   Code   RO         1170    .ARM.Collect$$libshutdown$$00000000  c_w.l(libshutdown.o)
    0x08000256   0x08000256   0x00000000   Code   RO         1185    .ARM.Collect$$libshutdown$$00000002  c_w.l(libshutdown2.o)
    0x08000256   0x08000256   0x00000000   Code   RO         1187    .ARM.Collect$$libshutdown$$00000004  c_w.l(libshutdown2.o)
    0x08000256   0x08000256   0x00000000   Code   RO         1190    .ARM.Collect$$libshutdown$$00000007  c_w.l(libshutdown2.o)
    0x08000256   0x08000256   0x00000000   Code   RO         1193    .ARM.Collect$$libshutdown$$0000000A  c_w.l(libshutdown2.o)
    0x08000256   0x08000256   0x00000000   Code   RO         1195    .ARM.Collect$$libshutdown$$0000000C  c_w.l(libshutdown2.o)
    0x08000256   0x08000256   0x00000000   Code   RO         1198    .ARM.Collect$$libshutdown$$0000000F  c_w.l(libshutdown2.o)
    0x08000256   0x08000256   0x00000002   Code   RO         1199    .ARM.Collect$$libshutdown$$00000010  c_w.l(libshutdown2.o)
    0x08000258   0x08000258   0x00000000   Code   RO         1073    .ARM.Collect$$rtentry$$00000000  c_w.l(__rtentry.o)
    0x08000258   0x08000258   0x00000000   Code   RO         1075    .ARM.Collect$$rtentry$$00000002  c_w.l(__rtentry2.o)
    0x08000258   0x08000258   0x00000006   Code   RO         1087    .ARM.Collect$$rtentry$$00000004  c_w.l(__rtentry4.o)
    0x0800025e   0x0800025e   0x00000000   Code   RO         1077    .ARM.Collect$$rtentry$$00000009  c_w.l(__rtentry2.o)
    0x0800025e   0x0800025e   0x00000004   Code   RO         1078    .ARM.Collect$$rtentry$$0000000A  c_w.l(__rtentry2.o)
    0x08000262   0x08000262   0x00000000   Code   RO         1080    .ARM.Collect$$rtentry$$0000000C  c_w.l(__rtentry2.o)
    0x08000262   0x08000262   0x00000008   Code   RO         1081    .ARM.Collect$$rtentry$$0000000D  c_w.l(__rtentry2.o)
    0x0800026a   0x0800026a   0x00000002   Code   RO         1102    .ARM.Collect$$rtexit$$00000000  c_w.l(rtexit.o)
    0x0800026c   0x0800026c   0x00000000   Code   RO         1150    .ARM.Collect$$rtexit$$00000002  c_w.l(rtexit2.o)
    0x0800026c   0x0800026c   0x00000004   Code   RO         1151    .ARM.Collect$$rtexit$$00000003  c_w.l(rtexit2.o)
    0x08000270   0x08000270   0x00000006   Code   RO         1152    .ARM.Collect$$rtexit$$00000004  c_w.l(rtexit2.o)
    0x08000276   0x08000276   0x00000002   PAD
    0x08000278   0x08000278   0x00000040   Code   RO            4    .text               startup_stm32g474xx.o
    0x080002b8   0x080002b8   0x0000004e   Code   RO         1067    .text               c_w.l(rt_memclr_w.o)
    0x08000306   0x08000306   0x00000006   Code   RO         1069    .text               c_w.l(heapauxi.o)
    0x0800030c   0x0800030c   0x0000004a   Code   RO         1089    .text               c_w.l(sys_stackheap_outer.o)
    0x08000356   0x08000356   0x00000012   Code   RO         1091    .text               c_w.l(exit.o)
    0x08000368   0x08000368   0x00000008   Code   RO         1099    .text               c_w.l(libspace.o)
    0x08000370   0x08000370   0x0000000c   Code   RO         1160    .text               c_w.l(sys_exit.o)
    0x0800037c   0x0800037c   0x00000002   Code   RO         1175    .text               c_w.l(use_no_semi.o)
    0x0800037e   0x0800037e   0x00000000   Code   RO         1177    .text               c_w.l(indicate_semi.o)
    0x0800037e   0x0800037e   0x00000002   PAD
    0x08000380   0x08000380   0x00000002   Code   RO           73    .text.BusFault_Handler  stm32g4xx_it.o
    0x08000382   0x08000382   0x00000002   PAD
    0x08000384   0x08000384   0x00000002   Code   RO           79    .text.DebugMon_Handler  stm32g4xx_it.o
    0x08000386   0x08000386   0x00000002   PAD
    0x08000388   0x08000388   0x0000000a   Code   RO           15    .text.Error_Handler  main.o
    0x08000392   0x08000392   0x00000002   PAD
    0x08000394   0x08000394   0x0000000a   Code   RO          158    .text.HAL_COMP_GetOutputLevel  stm32g4xx_hal_comp.o
    0x0800039e   0x0800039e   0x00000002   PAD
    0x080003a0   0x080003a0   0x0000023c   Code   RO          100    .text.HAL_COMP_Init  stm32g4xx_hal_comp.o
    0x080005dc   0x080005dc   0x00000058   Code   RO           37    .text.HAL_COMP_MspInit  comp.o
    0x08000634   0x08000634   0x0000005c   Code   RO          144    .text.HAL_COMP_Start  stm32g4xx_hal_comp.o
    0x08000690   0x08000690   0x0000019e   Code   RO          448    .text.HAL_GPIO_Init  stm32g4xx_hal_gpio.o
    0x0800082e   0x0800082e   0x00000002   PAD
    0x08000830   0x08000830   0x0000000c   Code   RO          184    .text.HAL_GetTick   stm32g4xx_hal.o
    0x0800083c   0x0800083c   0x00000054   Code   RO          760    .text.HAL_HRTIM_DLLCalibrationStart  stm32g4xx_hal_hrtim.o
    0x08000890   0x08000890   0x00000094   Code   RO          906    .text.HAL_HRTIM_DeadTimeConfig  stm32g4xx_hal_hrtim.o
    0x08000924   0x08000924   0x0000003a   Code   RO          858    .text.HAL_HRTIM_EventConfig  stm32g4xx_hal_hrtim.o
    0x0800095e   0x0800095e   0x00000002   PAD
    0x08000960   0x08000960   0x0000003c   Code   RO          860    .text.HAL_HRTIM_EventPrescalerConfig  stm32g4xx_hal_hrtim.o
    0x0800099c   0x0800099c   0x0000010e   Code   RO          866    .text.HAL_HRTIM_FaultBlankingConfigAndEnable  stm32g4xx_hal_hrtim.o
    0x08000aaa   0x08000aaa   0x00000002   PAD
    0x08000aac   0x08000aac   0x000001d8   Code   RO          862    .text.HAL_HRTIM_FaultConfig  stm32g4xx_hal_hrtim.o
    0x08000c84   0x08000c84   0x0000011a   Code   RO          868    .text.HAL_HRTIM_FaultCounterConfig  stm32g4xx_hal_hrtim.o
    0x08000d9e   0x08000d9e   0x00000002   PAD
    0x08000da0   0x08000da0   0x000000ce   Code   RO          870    .text.HAL_HRTIM_FaultCounterReset  stm32g4xx_hal_hrtim.o
    0x08000e6e   0x08000e6e   0x00000002   PAD
    0x08000e70   0x08000e70   0x0000008c   Code   RO          872    .text.HAL_HRTIM_FaultModeCtl  stm32g4xx_hal_hrtim.o
    0x08000efc   0x08000efc   0x0000003c   Code   RO          864    .text.HAL_HRTIM_FaultPrescalerConfig  stm32g4xx_hal_hrtim.o
    0x08000f38   0x08000f38   0x000000b0   Code   RO          752    .text.HAL_HRTIM_Init  stm32g4xx_hal_hrtim.o
    0x08000fe8   0x08000fe8   0x0000006e   Code   RO           54    .text.HAL_HRTIM_MspInit  hrtim.o
    0x08001056   0x08001056   0x00000002   PAD
    0x08001058   0x08001058   0x0000005e   Code   RO           52    .text.HAL_HRTIM_MspPostInit  hrtim.o
    0x080010b6   0x080010b6   0x00000002   PAD
    0x080010b8   0x080010b8   0x00000052   Code   RO          764    .text.HAL_HRTIM_PollForDLLCalibration  stm32g4xx_hal_hrtim.o
    0x0800110a   0x0800110a   0x00000002   PAD
    0x0800110c   0x0800110c   0x00000032   Code   RO          766    .text.HAL_HRTIM_TimeBaseConfig  stm32g4xx_hal_hrtim.o
    0x0800113e   0x0800113e   0x00000002   PAD
    0x08001140   0x08001140   0x0000014c   Code   RO          912    .text.HAL_HRTIM_WaveformCompareConfig  stm32g4xx_hal_hrtim.o
    0x0800128c   0x0800128c   0x00000028   Code   RO          924    .text.HAL_HRTIM_WaveformCountStart  stm32g4xx_hal_hrtim.o
    0x080012b4   0x080012b4   0x0000003a   Code   RO          916    .text.HAL_HRTIM_WaveformOutputConfig  stm32g4xx_hal_hrtim.o
    0x080012ee   0x080012ee   0x00000002   PAD
    0x080012f0   0x080012f0   0x0000002c   Code   RO          920    .text.HAL_HRTIM_WaveformOutputStart  stm32g4xx_hal_hrtim.o
    0x0800131c   0x0800131c   0x00000092   Code   RO          882    .text.HAL_HRTIM_WaveformTimerConfig  stm32g4xx_hal_hrtim.o
    0x080013ae   0x080013ae   0x00000002   PAD
    0x080013b0   0x080013b0   0x00000044   Code   RO          890    .text.HAL_HRTIM_WaveformTimerControl  stm32g4xx_hal_hrtim.o
    0x080013f4   0x080013f4   0x0000001a   Code   RO          182    .text.HAL_IncTick   stm32g4xx_hal.o
    0x0800140e   0x0800140e   0x00000002   PAD
    0x08001410   0x08001410   0x0000001e   Code   RO          172    .text.HAL_Init      stm32g4xx_hal.o
    0x0800142e   0x0800142e   0x00000002   PAD
    0x08001430   0x08001430   0x00000056   Code   RO          174    .text.HAL_InitTick  stm32g4xx_hal.o
    0x08001486   0x08001486   0x00000002   PAD
    0x08001488   0x08001488   0x00000038   Code   RO           92    .text.HAL_MspInit   stm32g4xx_hal_msp.o
    0x080014c0   0x080014c0   0x0000001e   Code   RO          680    .text.HAL_NVIC_SetPriority  stm32g4xx_hal_cortex.o
    0x080014de   0x080014de   0x00000002   PAD
    0x080014e0   0x080014e0   0x00000008   Code   RO          676    .text.HAL_NVIC_SetPriorityGrouping  stm32g4xx_hal_cortex.o
    0x080014e8   0x080014e8   0x000000ee   Code   RO          596    .text.HAL_PWREx_ControlVoltageScaling  stm32g4xx_hal_pwr_ex.o
    0x080015d6   0x080015d6   0x00000002   PAD
    0x080015d8   0x080015d8   0x00000012   Code   RO          666    .text.HAL_PWREx_DisableUCPDDeadBattery  stm32g4xx_hal_pwr_ex.o
    0x080015ea   0x080015ea   0x00000002   PAD
    0x080015ec   0x080015ec   0x00000206   Code   RO          263    .text.HAL_RCC_ClockConfig  stm32g4xx_hal_rcc.o
    0x080017f2   0x080017f2   0x00000002   PAD
    0x080017f4   0x080017f4   0x0000007a   Code   RO          267    .text.HAL_RCC_GetSysClockFreq  stm32g4xx_hal_rcc.o
    0x0800186e   0x0800186e   0x00000002   PAD
    0x08001870   0x08001870   0x0000047a   Code   RO          261    .text.HAL_RCC_OscConfig  stm32g4xx_hal_rcc.o
    0x08001cea   0x08001cea   0x00000002   PAD
    0x08001cec   0x08001cec   0x00000008   Code   RO          700    .text.HAL_SYSTICK_Config  stm32g4xx_hal_cortex.o
    0x08001cf4   0x08001cf4   0x000001ea   Code   RO          828    .text.HRTIM_EventConfig  stm32g4xx_hal_hrtim.o
    0x08001ede   0x08001ede   0x00000002   PAD
    0x08001ee0   0x08001ee0   0x00000038   Code   RO          888    .text.HRTIM_ForceRegistersUpdate  stm32g4xx_hal_hrtim.o
    0x08001f18   0x08001f18   0x00000026   Code   RO          768    .text.HRTIM_MasterBase_Config  stm32g4xx_hal_hrtim.o
    0x08001f3e   0x08001f3e   0x00000002   PAD
    0x08001f40   0x08001f40   0x00000090   Code   RO          884    .text.HRTIM_MasterWaveform_Config  stm32g4xx_hal_hrtim.o
    0x08001fd0   0x08001fd0   0x000000f6   Code   RO          794    .text.HRTIM_OutputConfig  stm32g4xx_hal_hrtim.o
    0x080020c6   0x080020c6   0x00000002   PAD
    0x080020c8   0x080020c8   0x0000002e   Code   RO          770    .text.HRTIM_TimingUnitBase_Config  stm32g4xx_hal_hrtim.o
    0x080020f6   0x080020f6   0x00000002   PAD
    0x080020f8   0x080020f8   0x00000198   Code   RO          886    .text.HRTIM_TimingUnitWaveform_Config  stm32g4xx_hal_hrtim.o
    0x08002290   0x08002290   0x00000058   Code   RO          892    .text.HRTIM_TimingUnitWaveform_Control  stm32g4xx_hal_hrtim.o
    0x080022e8   0x080022e8   0x00000002   Code   RO           69    .text.HardFault_Handler  stm32g4xx_it.o
    0x080022ea   0x080022ea   0x00000002   PAD
    0x080022ec   0x080022ec   0x0000000c   Code   RO          122    .text.LL_EXTI_ClearFlag_0_31  stm32g4xx_hal_comp.o
    0x080022f8   0x080022f8   0x0000000c   Code   RO          120    .text.LL_EXTI_ClearFlag_32_63  stm32g4xx_hal_comp.o
    0x08002304   0x08002304   0x00000012   Code   RO          130    .text.LL_EXTI_DisableEvent_0_31  stm32g4xx_hal_comp.o
    0x08002316   0x08002316   0x00000002   PAD
    0x08002318   0x08002318   0x00000012   Code   RO          128    .text.LL_EXTI_DisableEvent_32_63  stm32g4xx_hal_comp.o
    0x0800232a   0x0800232a   0x00000002   PAD
    0x0800232c   0x0800232c   0x00000012   Code   RO          118    .text.LL_EXTI_DisableFallingTrig_0_31  stm32g4xx_hal_comp.o
    0x0800233e   0x0800233e   0x00000002   PAD
    0x08002340   0x08002340   0x00000012   Code   RO          116    .text.LL_EXTI_DisableFallingTrig_32_63  stm32g4xx_hal_comp.o
    0x08002352   0x08002352   0x00000002   PAD
    0x08002354   0x08002354   0x00000012   Code   RO          138    .text.LL_EXTI_DisableIT_0_31  stm32g4xx_hal_comp.o
    0x08002366   0x08002366   0x00000002   PAD
    0x08002368   0x08002368   0x00000012   Code   RO          136    .text.LL_EXTI_DisableIT_32_63  stm32g4xx_hal_comp.o
    0x0800237a   0x0800237a   0x00000002   PAD
    0x0800237c   0x0800237c   0x00000012   Code   RO          110    .text.LL_EXTI_DisableRisingTrig_0_31  stm32g4xx_hal_comp.o
    0x0800238e   0x0800238e   0x00000002   PAD
    0x08002390   0x08002390   0x00000012   Code   RO          108    .text.LL_EXTI_DisableRisingTrig_32_63  stm32g4xx_hal_comp.o
    0x080023a2   0x080023a2   0x00000002   PAD
    0x080023a4   0x080023a4   0x00000010   Code   RO          126    .text.LL_EXTI_EnableEvent_0_31  stm32g4xx_hal_comp.o
    0x080023b4   0x080023b4   0x00000010   Code   RO          124    .text.LL_EXTI_EnableEvent_32_63  stm32g4xx_hal_comp.o
    0x080023c4   0x080023c4   0x00000010   Code   RO          114    .text.LL_EXTI_EnableFallingTrig_0_31  stm32g4xx_hal_comp.o
    0x080023d4   0x080023d4   0x00000010   Code   RO          112    .text.LL_EXTI_EnableFallingTrig_32_63  stm32g4xx_hal_comp.o
    0x080023e4   0x080023e4   0x00000010   Code   RO          134    .text.LL_EXTI_EnableIT_0_31  stm32g4xx_hal_comp.o
    0x080023f4   0x080023f4   0x00000010   Code   RO          132    .text.LL_EXTI_EnableIT_32_63  stm32g4xx_hal_comp.o
    0x08002404   0x08002404   0x00000010   Code   RO          106    .text.LL_EXTI_EnableRisingTrig_0_31  stm32g4xx_hal_comp.o
    0x08002414   0x08002414   0x00000010   Code   RO          104    .text.LL_EXTI_EnableRisingTrig_32_63  stm32g4xx_hal_comp.o
    0x08002424   0x08002424   0x00000036   Code   RO           35    .text.MX_COMP4_Init  comp.o
    0x0800245a   0x0800245a   0x00000002   PAD
    0x0800245c   0x0800245c   0x00000056   Code   RO           27    .text.MX_GPIO_Init  gpio.o
    0x080024b2   0x080024b2   0x00000002   PAD
    0x080024b4   0x080024b4   0x000003d6   Code   RO           50    .text.MX_HRTIM1_Init  hrtim.o
    0x0800288a   0x0800288a   0x00000002   PAD
    0x0800288c   0x0800288c   0x00000002   Code   RO           71    .text.MemManage_Handler  stm32g4xx_it.o
    0x0800288e   0x0800288e   0x00000002   PAD
    0x08002890   0x08002890   0x00000002   Code   RO           67    .text.NMI_Handler   stm32g4xx_it.o
    0x08002892   0x08002892   0x00000002   PAD
    0x08002894   0x08002894   0x0000002c   Code   RO          686    .text.NVIC_EncodePriority  stm32g4xx_hal_cortex.o
    0x080028c0   0x080028c0   0x00000002   Code   RO           81    .text.PendSV_Handler  stm32g4xx_it.o
    0x080028c2   0x080028c2   0x00000002   PAD
    0x080028c4   0x080028c4   0x00000048   Code   RO          265    .text.RCC_GetSysClockFreqFromPLLSource  stm32g4xx_hal_rcc.o
    0x0800290c   0x0800290c   0x00000002   Code   RO           77    .text.SVC_Handler   stm32g4xx_it.o
    0x0800290e   0x0800290e   0x00000002   PAD
    0x08002910   0x08002910   0x0000002e   Code   RO          702    .text.SysTick_Config  stm32g4xx_hal_cortex.o
    0x0800293e   0x0800293e   0x00000002   PAD
    0x08002940   0x08002940   0x00000008   Code   RO           83    .text.SysTick_Handler  stm32g4xx_it.o
    0x08002948   0x08002948   0x0000006c   Code   RO           13    .text.SystemClock_Config  main.o
    0x080029b4   0x080029b4   0x00000012   Code   RO         1051    .text.SystemInit    system_stm32g4xx.o
    0x080029c6   0x080029c6   0x00000002   PAD
    0x080029c8   0x080029c8   0x00000002   Code   RO           75    .text.UsageFault_Handler  stm32g4xx_it.o
    0x080029ca   0x080029ca   0x00000002   PAD
    0x080029cc   0x080029cc   0x00000010   Code   RO          682    .text.__NVIC_GetPriorityGrouping  stm32g4xx_hal_cortex.o
    0x080029dc   0x080029dc   0x00000022   Code   RO          684    .text.__NVIC_SetPriority  stm32g4xx_hal_cortex.o
    0x080029fe   0x080029fe   0x00000002   PAD
    0x08002a00   0x08002a00   0x00000020   Code   RO          678    .text.__NVIC_SetPriorityGrouping  stm32g4xx_hal_cortex.o
    0x08002a20   0x08002a20   0x00000090   Code   RO           11    .text.main          main.o
    0x08002ab0   0x08002ab0   0x0000001a   Code   RO         1158    x$fpl$fpinit        fz_wm.l(fpinit.o)
    0x08002aca   0x08002aca   0x00000010   Data   RO         1056    .rodata.AHBPrescTable  system_stm32g4xx.o
    0x08002ada   0x08002ada   0x00000002   PAD
    0x08002adc   0x08002adc   0x00000020   Data   RO         1233    Region$$Table       anon$$obj.o


    Execution Region RW_IRAM1 (Exec base: 0x20000000, Load base: 0x08002b00, Size: 0x000007a0, Max: 0x00020000, ABSOLUTE)

    Exec Addr    Load Addr    Size         Type   Attr      Idx    E Section Name        Object

    0x20000000   0x08002b00   0x00000004   Data   RW         1055    .data.SystemCoreClock  system_stm32g4xx.o
    0x20000004   0x08002b04   0x00000004   Data   RW          249    .data.uwTickFreq    stm32g4xx_hal.o
    0x20000008   0x08002b08   0x00000004   Data   RW          248    .data.uwTickPrio    stm32g4xx_hal.o
    0x2000000c   0x08002b0c   0x00000004   PAD
    0x20000010        -       0x00000060   Zero   RW         1100    .bss                c_w.l(libspace.o)
    0x20000070        -       0x00000004   Zero   RW           17    .bss.COMP_cnt       main.o
    0x20000074        -       0x00000004   Zero   RW           18    .bss.RES_cnt        main.o
    0x20000078        -       0x00000024   Zero   RW           41    .bss.hcomp4         comp.o
    0x2000009c        -       0x000000fc   Zero   RW           58    .bss.hhrtim1        hrtim.o
    0x20000198        -       0x00000004   Zero   RW          250    .bss.uwTick         stm32g4xx_hal.o
    0x2000019c   0x08002b0c   0x00000004   PAD
    0x200001a0        -       0x00000200   Zero   RW            2    HEAP                startup_stm32g474xx.o
    0x200003a0        -       0x00000400   Zero   RW            1    STACK               startup_stm32g474xx.o


==============================================================================

Image component sizes


      Code (inc. data)   RO Data    RW Data    ZI Data      Debug   Object Name

       142          0          0          0         36       3436   comp.o
        86          0          0          0          0       1605   gpio.o
      1186          0          0          0        252      10168   hrtim.o
       262          0          0          0          8       2313   main.o
        64         26        472          0       1536        824   startup_stm32g474xx.o
       154          0          0          8          4       9519   stm32g4xx_hal.o
       970         20          0          0          0       8267   stm32g4xx_hal_comp.o
       218          0          0          0          0      11358   stm32g4xx_hal_cortex.o
       414          0          0          0          0       5357   stm32g4xx_hal_gpio.o
      4292        272          0          0          0      66683   stm32g4xx_hal_hrtim.o
        56          0          0          0          0       1587   stm32g4xx_hal_msp.o
       256          0          0          0          0       9248   stm32g4xx_hal_pwr_ex.o
      1858          0          0          0          0       9326   stm32g4xx_hal_rcc.o
        24          0          0          0          0       1003   stm32g4xx_it.o
        18          0         16          4          0       2738   system_stm32g4xx.o

    ----------------------------------------------------------------------
     10096        318        522         12       1844     143432   Object Totals
         0          0         32          0          0          0   (incl. Generated)
        96          0          2          0          8          0   (incl. Padding)

    ----------------------------------------------------------------------

      Code (inc. data)   RO Data    RW Data    ZI Data      Debug   Library Member Name

         8          0          0          0          0         68   __main.o
         0          0          0          0          0          0   __rtentry.o
        12          0          0          0          0          0   __rtentry2.o
         6          0          0          0          0          0   __rtentry4.o
        52          8          0          0          0          0   __scatter.o
        26          0          0          0          0          0   __scatter_copy.o
        28          0          0          0          0          0   __scatter_zi.o
        18          0          0          0          0         80   exit.o
         6          0          0          0          0        152   heapauxi.o
         0          0          0          0          0          0   indicate_semi.o
         2          0          0          0          0          0   libinit.o
         6          0          0          0          0          0   libinit2.o
         2          0          0          0          0          0   libshutdown.o
         2          0          0          0          0          0   libshutdown2.o
         8          4          0          0         96         68   libspace.o
        78          0          0          0          0         80   rt_memclr_w.o
         2          0          0          0          0          0   rtexit.o
        10          0          0          0          0          0   rtexit2.o
        12          4          0          0          0         68   sys_exit.o
        74          0          0          0          0         80   sys_stackheap_outer.o
         2          0          0          0          0         68   use_no_semi.o
        26          0          0          0          0        116   fpinit.o

    ----------------------------------------------------------------------
       386         16          0          0         96        780   Library Totals
         6          0          0          0          0          0   (incl. Padding)

    ----------------------------------------------------------------------

      Code (inc. data)   RO Data    RW Data    ZI Data      Debug   Library Name

       354         16          0          0         96        664   c_w.l
        26          0          0          0          0        116   fz_wm.l

    ----------------------------------------------------------------------
       386         16          0          0         96        780   Library Totals

    ----------------------------------------------------------------------

==============================================================================


      Code (inc. data)   RO Data    RW Data    ZI Data      Debug   

     10482        334        522         12       1940     143744   Grand Totals
     10482        334        522         12       1940     143744   ELF Image Totals
     10482        334        522         12          0          0   ROM Totals

==============================================================================

    Total RO  Size (Code + RO Data)                11004 (  10.75kB)
    Total RW  Size (RW Data + ZI Data)              1952 (   1.91kB)
    Total ROM Size (Code + RO Data + RW Data)      11016 (  10.76kB)

==============================================================================

